
Optional file libmchp_peripheral.a not found

Optional file libmchp_peripheral_32MX795F512L.a not found
Archive member included to satisfy reference by file (symbol)

/opt/microchip/xc32/v3.01/bin/bin/../../lib/gcc/pic32mx/8.3.1/libgcc.a(floatunsisf.o)
                              build/default/production/_ext/513455433/plib_i2c1_master.o (__floatunsisf)
/opt/microchip/xc32/v3.01/bin/bin/../../lib/gcc/pic32mx/8.3.1/../../../../pic32mx/lib/libpic32.a(memset.o)
                              build/default/production/_ext/1360937237/main.o (memset)
/opt/microchip/xc32/v3.01/bin/bin/../../lib/gcc/pic32mx/8.3.1/../../../../pic32mx/lib/libpic32.a(default-on-reset.o)
                              /tmp/ccmdQWos.o (_on_reset)
/opt/microchip/xc32/v3.01/bin/bin/../../lib/gcc/pic32mx/8.3.1/../../../../pic32mx/lib/libpic32.a(default-on-bootstrap.o)
                              /tmp/ccmdQWos.o (_on_bootstrap)
/opt/microchip/xc32/v3.01/bin/bin/../../lib/gcc/pic32mx/8.3.1/../../../../pic32mx/lib/libpic32.a(default-nmi-handler.o)
                              /tmp/ccmdQWos.o (_nmi_handler)
/opt/microchip/xc32/v3.01/bin/bin/../../lib/gcc/pic32mx/8.3.1/../../../../pic32mx/lib/libpic32.a(pic32_data_init.o)
                              /tmp/ccmdQWos.o (__pic32_data_init)
/opt/microchip/xc32/v3.01/bin/bin/../../lib/gcc/pic32mx/8.3.1/../../../../pic32mx/lib/libpic32.a(general-exception.o)
                              /tmp/ccmdQWos.o (_general_exception_context)
/opt/microchip/xc32/v3.01/bin/bin/../../lib/gcc/pic32mx/8.3.1/../../../../pic32mx/lib/libpic32.a(vector1.o)
                              /tmp/ccGi8fBu.o (__vector_dispatch_1)
/opt/microchip/xc32/v3.01/bin/bin/../../lib/gcc/pic32mx/8.3.1/../../../../pic32mx/lib/libpic32.a(vector2.o)
                              /tmp/ccGi8fBu.o (__vector_dispatch_2)
/opt/microchip/xc32/v3.01/bin/bin/../../lib/gcc/pic32mx/8.3.1/../../../../pic32mx/lib/libpic32.a(vector3.o)
                              /tmp/ccGi8fBu.o (__vector_dispatch_3)
/opt/microchip/xc32/v3.01/bin/bin/../../lib/gcc/pic32mx/8.3.1/../../../../pic32mx/lib/libpic32.a(vector4.o)
                              /tmp/ccGi8fBu.o (__vector_dispatch_4)
/opt/microchip/xc32/v3.01/bin/bin/../../lib/gcc/pic32mx/8.3.1/../../../../pic32mx/lib/libpic32.a(vector5.o)
                              /tmp/ccGi8fBu.o (__vector_dispatch_5)
/opt/microchip/xc32/v3.01/bin/bin/../../lib/gcc/pic32mx/8.3.1/../../../../pic32mx/lib/libpic32.a(vector6.o)
                              /tmp/ccGi8fBu.o (__vector_dispatch_6)
/opt/microchip/xc32/v3.01/bin/bin/../../lib/gcc/pic32mx/8.3.1/../../../../pic32mx/lib/libpic32.a(vector7.o)
                              /tmp/ccGi8fBu.o (__vector_dispatch_7)
/opt/microchip/xc32/v3.01/bin/bin/../../lib/gcc/pic32mx/8.3.1/../../../../pic32mx/lib/libpic32.a(vector8.o)
                              /tmp/ccGi8fBu.o (__vector_dispatch_8)
/opt/microchip/xc32/v3.01/bin/bin/../../lib/gcc/pic32mx/8.3.1/../../../../pic32mx/lib/libpic32.a(vector9.o)
                              /tmp/ccGi8fBu.o (__vector_dispatch_9)
/opt/microchip/xc32/v3.01/bin/bin/../../lib/gcc/pic32mx/8.3.1/../../../../pic32mx/lib/libpic32.a(vector10.o)
                              /tmp/ccGi8fBu.o (__vector_dispatch_10)
/opt/microchip/xc32/v3.01/bin/bin/../../lib/gcc/pic32mx/8.3.1/../../../../pic32mx/lib/libpic32.a(vector11.o)
                              /tmp/ccGi8fBu.o (__vector_dispatch_11)
/opt/microchip/xc32/v3.01/bin/bin/../../lib/gcc/pic32mx/8.3.1/../../../../pic32mx/lib/libpic32.a(vector12.o)
                              /tmp/ccGi8fBu.o (__vector_dispatch_12)
/opt/microchip/xc32/v3.01/bin/bin/../../lib/gcc/pic32mx/8.3.1/../../../../pic32mx/lib/libpic32.a(vector13.o)
                              /tmp/ccGi8fBu.o (__vector_dispatch_13)
/opt/microchip/xc32/v3.01/bin/bin/../../lib/gcc/pic32mx/8.3.1/../../../../pic32mx/lib/libpic32.a(vector14.o)
                              /tmp/ccGi8fBu.o (__vector_dispatch_14)
/opt/microchip/xc32/v3.01/bin/bin/../../lib/gcc/pic32mx/8.3.1/../../../../pic32mx/lib/libpic32.a(vector15.o)
                              /tmp/ccGi8fBu.o (__vector_dispatch_15)
/opt/microchip/xc32/v3.01/bin/bin/../../lib/gcc/pic32mx/8.3.1/../../../../pic32mx/lib/libpic32.a(vector16.o)
                              /tmp/ccGi8fBu.o (__vector_dispatch_16)
/opt/microchip/xc32/v3.01/bin/bin/../../lib/gcc/pic32mx/8.3.1/../../../../pic32mx/lib/libpic32.a(vector17.o)
                              /tmp/ccGi8fBu.o (__vector_dispatch_17)
/opt/microchip/xc32/v3.01/bin/bin/../../lib/gcc/pic32mx/8.3.1/../../../../pic32mx/lib/libpic32.a(vector18.o)
                              /tmp/ccGi8fBu.o (__vector_dispatch_18)
/opt/microchip/xc32/v3.01/bin/bin/../../lib/gcc/pic32mx/8.3.1/../../../../pic32mx/lib/libpic32.a(vector19.o)
                              /tmp/ccGi8fBu.o (__vector_dispatch_19)
/opt/microchip/xc32/v3.01/bin/bin/../../lib/gcc/pic32mx/8.3.1/../../../../pic32mx/lib/libpic32.a(vector20.o)
[...]
Memory Configuration

Name             Origin             Length             Attributes
kseg0_program_mem 0x000000009d000000 0x0000000000080000 xr
kseg0_boot_mem   0x000000009fc00490 0x0000000000000970
exception_mem    0x000000009fc01000 0x0000000000001000
kseg1_boot_mem   0x00000000bfc00000 0x0000000000000490
debug_exec_mem   0x00000000bfc02000 0x0000000000000ff0
config3          0x00000000bfc02ff0 0x0000000000000004
config2          0x00000000bfc02ff4 0x0000000000000004
config1          0x00000000bfc02ff8 0x0000000000000004
config0          0x00000000bfc02ffc 0x0000000000000004
kseg1_data_mem   0x00000000a0000000 0x0000000000020000 w !x
sfrs             0x00000000bf800000 0x0000000000100000
configsfrs       0x00000000bfc02ff0 0x0000000000000010
*default*        0x0000000000000000 0xffffffffffffffff

Linker script and memory map

LOAD /opt/microchip/xc32/v3.01/bin/bin/../../lib/gcc/pic32mx/8.3.1/../../../../pic32mx/lib/debug-exception-return.o
LOAD build/default/production/_ext/60165520/plib_clk.o
LOAD build/default/production/_ext/1249264884/plib_coretimer.o
LOAD build/default/production/_ext/1865200349/plib_evic.o
LOAD build/default/production/_ext/1865254177/plib_gpio.o
LOAD build/default/production/_ext/513455433/plib_i2c1_master.o
LOAD build/default/production/_ext/1865657120/plib_uart1.o
LOAD build/default/production/_ext/163028504/xc32_monitor.o
LOAD build/default/production/_ext/1171490990/initialization.o
LOAD build/default/production/_ext/1171490990/interrupts.o
LOAD build/default/production/_ext/1171490990/exceptions.o
LOAD build/default/production/_ext/1360937237/PanelControl.o
LOAD build/default/production/_ext/1360937237/UARTSlave.o
LOAD build/default/production/_ext/1360937237/main.o
                0x0000000000000001                __MPLAB_BUILD = 0x1
                0x0000000000000400                PROVIDE (_min_stack_size = 0x400)
START GROUP
LOAD libmchp_peripheral.a
END GROUP
START GROUP
LOAD libmchp_peripheral_32MX795F512L.a
END GROUP
                0x0000000000000001                PROVIDE (_vector_spacing = 0x1)
                0x000000009fc01000                PROVIDE (_ebase_address = 0x9fc01000)
                0x00000000bfc00000                _RESET_ADDR = 0xbfc00000
                0x00000000bfc00380                _BEV_EXCPT_ADDR = 0xbfc00380
                0x00000000bfc00480                _DBG_EXCPT_ADDR = 0xbfc00480
                0x00000000bfc02000                _DBG_CODE_ADDR = 0xbfc02000
                0x0000000000000ff0                _DBG_CODE_SIZE = 0xff0
                0x000000009fc01180                _GEN_EXCPT_ADDR = (_ebase_address + 0x180)

.config_BFC02FF0
                0x00000000bfc02ff0        0x4
 *(.config_BFC02FF0)
 .config_BFC02FF0
                0x00000000bfc02ff0        0x4 build/default/production/_ext/1171490990/initialization.o
                0x00000000bfc02ff0                __config_BFC02FF0

.config_BFC02FF4
                0x00000000bfc02ff4        0x4
 *(.config_BFC02FF4)
 .config_BFC02FF4
                0x00000000bfc02ff4        0x4 build/default/production/_ext/1171490990/initialization.o
                0x00000000bfc02ff4                __config_BFC02FF4

.config_BFC02FF8
                0x00000000bfc02ff8        0x4
 *(.config_BFC02FF8)
 .config_BFC02FF8
                0x00000000bfc02ff8        0x4 build/default/production/_ext/1171490990/initialization.o
                0x00000000bfc02ff8                __config_BFC02FF8

.config_BFC02FFC
                0x00000000bfc02ffc        0x4
 *(.config_BFC02FFC)
 .config_BFC02FFC
                0x00000000bfc02ffc        0x4 build/default/production/_ext/1171490990/initialization.o
                0x00000000bfc02ffc                __config_BFC02FFC

.reset          0x00000000bfc00000      0x19c
 *(.reset)
 .reset         0x00000000bfc00000        0x8 /tmp/ccmdQWos.o
                0x00000000bfc00000                _reset
 *(.reset.startup)
 .reset.startup
                0x00000000bfc00008      0x194 /tmp/ccmdQWos.o
                0x00000000bfc00008                _startup

.bev_excpt      0x00000000bfc00380       0x10
 *(.bev_handler)
 .bev_handler   0x00000000bfc00380       0x10 /tmp/ccmdQWos.o

.dbg_excpt      0x00000000bfc00480        0x0
                0x00000000bfc00480                . = (. + DEFINED (_DEBUGGER)?0x8:0x0)

.dbg_code       0x00000000bfc02000        0x0
                0x00000000bfc02000                . = (. + DEFINED (_DEBUGGER)?_DBG_CODE_SIZE:0x0)

.app_excpt      0x000000009fc01180       0x10
 *(.gen_handler)
 .gen_handler   0x000000009fc01180       0x10 /tmp/ccmdQWos.o

.vector_0       0x000000009fc01200        0x8
 *(.vector_0)
 .vector_0      0x000000009fc01200        0x8 build/default/production/_ext/1171490990/interrupts.o
                0x000000009fc01200                __vector_dispatch_0
                0x0000000000000001                ASSERT (((_vector_spacing == 0x0) || (SIZEOF (.vector_0) <= (_vector_spacing << 0x5))), function at exception vector 0 too large)

.vector_1       0x000000009fc01220        0x8
 *(.vector_1)
 .vector_1      0x000000009fc01220        0x8 /opt/microchip/xc32/v3.01/bin/bin/../../lib/gcc/pic32mx/8.3.1/../../../../pic32mx/lib/libpic32.a(vector1.o)
                0x000000009fc01220                __vector_dispatch_1
                0x0000000000000001                ASSERT (((_vector_spacing == 0x0) || (SIZEOF (.vector_1) <= (_vector_spacing << 0x5))), function at exception vector 1 too large)

.vector_2       0x000000009fc01240        0x8
 *(.vector_2)
 .vector_2      0x000000009fc01240        0x8 /opt/microchip/xc32/v3.01/bin/bin/../../lib/gcc/pic32mx/8.3.1/../../../../pic32mx/lib/libpic32.a(vector2.o)
                0x000000009fc01240                __vector_dispatch_2
                0x0000000000000001                ASSERT (((_vector_spacing == 0x0) || (SIZEOF (.vector_2) <= (_vector_spacing << 0x5))), function at exception vector 2 too large)

.vector_3       0x000000009fc01260        0x8
 *(.vector_3)
 .vector_3      0x000000009fc01260        0x8 /opt/microchip/xc32/v3.01/bin/bin/../../lib/gcc/pic32mx/8.3.1/../../../../pic32mx/lib/libpic32.a(vector3.o)
                0x000000009fc01260                __vector_dispatch_3
                0x0000000000000001                ASSERT (((_vector_spacing == 0x0) || (SIZEOF (.vector_3) <= (_vector_spacing << 0x5))), function at exception vector 3 too large)

.vector_4       0x000000009fc01280        0x8
 *(.vector_4)
 .vector_4      0x000000009fc01280        0x8 /opt/microchip/xc32/v3.01/bin/bin/../../lib/gcc/pic32mx/8.3.1/../../../../pic32mx/lib/libpic32.a(vector4.o)
                0x000000009fc01280                __vector_dispatch_4
                0x0000000000000001                ASSERT (((_vector_spacing == 0x0) || (SIZEOF (.vector_4) <= (_vector_spacing << 0x5))), function at exception vector 4 too large)

.vector_5       0x000000009fc012a0        0x8
 *(.vector_5)
 .vector_5      0x000000009fc012a0        0x8 /opt/microchip/xc32/v3.01/bin/bin/../../lib/gcc/pic32mx/8.3.1/../../../../pic32mx/lib/libpic32.a(vector5.o)
                0x000000009fc012a0                __vector_dispatch_5
                0x0000000000000001                ASSERT (((_vector_spacing == 0x0) || (SIZEOF (.vector_5) <= (_vector_spacing << 0x5))), function at exception vector 5 too large)

.vector_6       0x000000009fc012c0        0x8
 *(.vector_6)
 .vector_6      0x000000009fc012c0        0x8 /opt/microchip/xc32/v3.01/bin/bin/../../lib/gcc/pic32mx/8.3.1/../../../../pic32mx/lib/libpic32.a(vector6.o)
                0x000000009fc012c0                __vector_dispatch_6
                0x0000000000000001                ASSERT (((_vector_spacing == 0x0) || (SIZEOF (.vector_6) <= (_vector_spacing << 0x5))), function at exception vector 6 too large)

.vector_7       0x000000009fc012e0        0x8
 *(.vector_7)
 .vector_7      0x000000009fc012e0        0x8 /opt/microchip/xc32/v3.01/bin/bin/../../lib/gcc/pic32mx/8.3.1/../../../../pic32mx/lib/libpic32.a(vector7.o)
                0x000000009fc012e0                __vector_dispatch_7
                0x0000000000000001                ASSERT (((_vector_spacing == 0x0) || (SIZEOF (.vector_7) <= (_vector_spacing << 0x5))), function at exception vector 7 too large)

.vector_8       0x000000009fc01300        0x8
 *(.vector_8)
 .vector_8      0x000000009fc01300        0x8 /opt/microchip/xc32/v3.01/bin/bin/../../lib/gcc/pic32mx/8.3.1/../../../../pic32mx/lib/libpic32.a(vector8.o)
                0x000000009fc01300                __vector_dispatch_8
                0x0000000000000001                ASSERT (((_vector_spacing == 0x0) || (SIZEOF (.vector_8) <= (_vector_spacing << 0x5))), function at exception vector 8 too large)

.vector_9       0x000000009fc01320        0x8
 *(.vector_9)
 .vector_9      0x000000009fc01320        0x8 /opt/microchip/xc32/v3.01/bin/bin/../../lib/gcc/pic32mx/8.3.1/../../../../pic32mx/lib/libpic32.a(vector9.o)
                0x000000009fc01320                __vector_dispatch_9
                0x0000000000000001                ASSERT (((_vector_spacing == 0x0) || (SIZEOF (.vector_9) <= (_vector_spacing << 0x5))), function at exception vector 9 too large)

.vector_10      0x000000009fc01340        0x8
 *(.vector_10)
 .vector_10     0x000000009fc01340        0x8 /opt/microchip/xc32/v3.01/bin/bin/../../lib/gcc/pic32mx/8.3.1/../../../../pic32mx/lib/libpic32.a(vector10.o)
                0x000000009fc01340                __vector_dispatch_10
                0x0000000000000001                ASSERT (((_vector_spacing == 0x0) || (SIZEOF (.vector_10) <= (_vector_spacing << 0x5))), function at exception vector 10 too large)

.vector_11      0x000000009fc01360        0x8
 *(.vector_11)
 .vector_11     0x000000009fc01360        0x8 /opt/microchip/xc32/v3.01/bin/bin/../../lib/gcc/pic32mx/8.3.1/../../../../pic32mx/lib/libpic32.a(vector11.o)
                0x000000009fc01360                __vector_dispatch_11
                0x0000000000000001                ASSERT (((_vector_spacing == 0x0) || (SIZEOF (.vector_11) <= (_vector_spacing << 0x5))), function at exception vector 11 too large)

.vector_12      0x000000009fc01380        0x8
 *(.vector_12)
 .vector_12     0x000000009fc01380        0x8 /opt/microchip/xc32/v3.01/bin/bin/../../lib/gcc/pic32mx/8.3.1/../../../../pic32mx/lib/libpic32.a(vector12.o)
                0x000000009fc01380                __vector_dispatch_12
                0x0000000000000001                ASSERT (((_vector_spacing == 0x0) || (SIZEOF (.vector_12) <= (_vector_spacing << 0x5))), function at exception vector 12 too large)

.vector_13      0x000000009fc013a0        0x8
 *(.vector_13)
 .vector_13     0x000000009fc013a0        0x8 /opt/microchip/xc32/v3.01/bin/bin/../../lib/gcc/pic32mx/8.3.1/../../../../pic32mx/lib/libpic32.a(vector13.o)
                0x000000009fc013a0                __vector_dispatch_13
                0x0000000000000001                ASSERT (((_vector_spacing == 0x0) || (SIZEOF (.vector_13) <= (_vector_spacing << 0x5))), function at exception vector 13 too large)

.vector_14      0x000000009fc013c0        0x8
 *(.vector_14)
 .vector_14     0x000000009fc013c0        0x8 /opt/microchip/xc32/v3.01/bin/bin/../../lib/gcc/pic32mx/8.3.1/../../../../pic32mx/lib/libpic32.a(vector14.o)
                0x000000009fc013c0                __vector_dispatch_14
                0x0000000000000001                ASSERT (((_vector_spacing == 0x0) || (SIZEOF (.vector_14) <= (_vector_spacing << 0x5))), function at exception vector 14 too large)

.vector_15      0x000000009fc013e0        0x8
 *(.vector_15)
 .vector_15     0x000000009fc013e0        0x8 /opt/microchip/xc32/v3.01/bin/bin/../../lib/gcc/pic32mx/8.3.1/../../../../pic32mx/lib/libpic32.a(vector15.o)
                0x000000009fc013e0                __vector_dispatch_15
                0x0000000000000001                ASSERT (((_vector_spacing == 0x0) || (SIZEOF (.vector_15) <= (_vector_spacing << 0x5))), function at exception vector 15 too large)

.vector_16      0x000000009fc01400        0x8
 *(.vector_16)
 .vector_16     0x000000009fc01400        0x8 /opt/microchip/xc32/v3.01/bin/bin/../../lib/gcc/pic32mx/8.3.1/../../../../pic32mx/lib/libpic32.a(vector16.o)
                0x000000009fc01400                __vector_dispatch_16
                0x0000000000000001                ASSERT (((_vector_spacing == 0x0) || (SIZEOF (.vector_16) <= (_vector_spacing << 0x5))), function at exception vector 16 too large)

.vector_17      0x000000009fc01420        0x8
 *(.vector_17)
 .vector_17     0x000000009fc01420        0x8 /opt/microchip/xc32/v3.01/bin/bin/../../lib/gcc/pic32mx/8.3.1/../../../../pic32mx/lib/libpic32.a(vector17.o)
                0x000000009fc01420                __vector_dispatch_17
                0x0000000000000001                ASSERT (((_vector_spacing == 0x0) || (SIZEOF (.vector_17) <= (_vector_spacing << 0x5))), function at exception vector 17 too large)

.vector_18      0x000000009fc01440        0x8
 *(.vector_18)
 .vector_18     0x000000009fc01440        0x8 /opt/microchip/xc32/v3.01/bin/bin/../../lib/gcc/pic32mx/8.3.1/../../../../pic32mx/lib/libpic32.a(vector18.o)
                0x000000009fc01440                __vector_dispatch_18
                0x0000000000000001                ASSERT (((_vector_spacing == 0x0) || (SIZEOF (.vector_18) <= (_vector_spacing << 0x5))), function at exception vector 18 too large)

.vector_19      0x000000009fc01460        0x8
 *(.vector_19)
 .vector_19     0x000000009fc01460        0x8 /opt/microchip/xc32/v3.01/bin/bin/../../lib/gcc/pic32mx/8.3.1/../../../../pic32mx/lib/libpic32.a(vector19.o)
                0x000000009fc01460                __vector_dispatch_19
                0x0000000000000001                ASSERT (((_vector_spacing == 0x0) || (SIZEOF (.vector_19) <= (_vector_spacing << 0x5))), function at exception vector 19 too large)

.vector_20      0x000000009fc01480        0x8
 *(.vector_20)
 .vector_20     0x000000009fc01480        0x8 /opt/microchip/xc32/v3.01/bin/bin/../../lib/gcc/pic32mx/8.3.1/../../../../pic32mx/lib/libpic32.a(vector20.o)
                0x000000009fc01480                __vector_dispatch_20
                0x0000000000000001                ASSERT (((_vector_spacing == 0x0) || (SIZEOF (.vector_20) <= (_vector_spacing << 0x5))), function at exception vector 20 too large)

.vector_21      0x000000009fc014a0        0x8
 *(.vector_21)
 .vector_21     0x000000009fc014a0        0x8 /opt/microchip/xc32/v3.01/bin/bin/../../lib/gcc/pic32mx/8.3.1/../../../../pic32mx/lib/libpic32.a(vector21.o)
                0x000000009fc014a0                __vector_dispatch_21
                0x0000000000000001                ASSERT (((_vector_spacing == 0x0) || (SIZEOF (.vector_21) <= (_vector_spacing << 0x5))), function at exception vector 21 too large)

.vector_22      0x000000009fc014c0        0x8
 *(.vector_22)
 .vector_22     0x000000009fc014c0        0x8 /opt/microchip/xc32/v3.01/bin/bin/../../lib/gcc/pic32mx/8.3.1/../../../../pic32mx/lib/libpic32.a(vector22.o)
                0x000000009fc014c0                __vector_dispatch_22
                0x0000000000000001                ASSERT (((_vector_spacing == 0x0) || (SIZEOF (.vector_22) <= (_vector_spacing << 0x5))), function at exception vector 22 too large)

.vector_23      0x000000009fc014e0        0x8
 *(.vector_23)
 .vector_23     0x000000009fc014e0        0x8 /opt/microchip/xc32/v3.01/bin/bin/../../lib/gcc/pic32mx/8.3.1/../../../../pic32mx/lib/libpic32.a(vector23.o)
                0x000000009fc014e0                __vector_dispatch_23
                0x0000000000000001                ASSERT (((_vector_spacing == 0x0) || (SIZEOF (.vector_23) <= (_vector_spacing << 0x5))), function at exception vector 23 too large)

.vector_24      0x000000009fc01500        0x8
 *(.vector_24)
 .vector_24     0x000000009fc01500        0x8 build/default/production/_ext/1171490990/interrupts.o
                0x000000009fc01500                __vector_dispatch_24
                0x0000000000000001                ASSERT (((_vector_spacing == 0x0) || (SIZEOF (.vector_24) <= (_vector_spacing << 0x5))), function at exception vector 24 too large)

.vector_25      0x000000009fc01520        0x8
 *(.vector_25)
 .vector_25     0x000000009fc01520        0x8 build/default/production/_ext/1171490990/interrupts.o
                0x000000009fc01520                __vector_dispatch_25
                0x0000000000000001                ASSERT (((_vector_spacing == 0x0) || (SIZEOF (.vector_25) <= (_vector_spacing << 0x5))), function at exception vector 25 too large)

.vector_26      0x000000009fc01540        0x8
 *(.vector_26)
 .vector_26     0x000000009fc01540        0x8 /opt/microchip/xc32/v3.01/bin/bin/../../lib/gcc/pic32mx/8.3.1/../../../../pic32mx/lib/libpic32.a(vector26.o)
                0x000000009fc01540                __vector_dispatch_26
                0x0000000000000001                ASSERT (((_vector_spacing == 0x0) || (SIZEOF (.vector_26) <= (_vector_spacing << 0x5))), function at exception vector 26 too large)

.vector_27      0x000000009fc01560        0x8
 *(.vector_27)
 .vector_27     0x000000009fc01560        0x8 /opt/microchip/xc32/v3.01/bin/bin/../../lib/gcc/pic32mx/8.3.1/../../../../pic32mx/lib/libpic32.a(vector27.o)
                0x000000009fc01560                __vector_dispatch_27
                0x0000000000000001                ASSERT (((_vector_spacing == 0x0) || (SIZEOF (.vector_27) <= (_vector_spacing << 0x5))), function at exception vector 27 too large)

.vector_28      0x000000009fc01580        0x8
 *(.vector_28)
 .vector_28     0x000000009fc01580        0x8 /opt/microchip/xc32/v3.01/bin/bin/../../lib/gcc/pic32mx/8.3.1/../../../../pic32mx/lib/libpic32.a(vector28.o)
                0x000000009fc01580                __vector_dispatch_28
                0x0000000000000001                ASSERT (((_vector_spacing == 0x0) || (SIZEOF (.vector_28) <= (_vector_spacing << 0x5))), function at exception vector 28 too large)

.vector_29      0x000000009fc015a0        0x8
 *(.vector_29)
 .vector_29     0x000000009fc015a0        0x8 /opt/microchip/xc32/v3.01/bin/bin/../../lib/gcc/pic32mx/8.3.1/../../../../pic32mx/lib/libpic32.a(vector29.o)
                0x000000009fc015a0                __vector_dispatch_29
                0x0000000000000001                ASSERT (((_vector_spacing == 0x0) || (SIZEOF (.vector_29) <= (_vector_spacing << 0x5))), function at exception vector 29 too large)

.vector_30      0x000000009fc015c0        0x8
 *(.vector_30)
 .vector_30     0x000000009fc015c0        0x8 /opt/microchip/xc32/v3.01/bin/bin/../../lib/gcc/pic32mx/8.3.1/../../../../pic32mx/lib/libpic32.a(vector30.o)
                0x000000009fc015c0                __vector_dispatch_30
                0x0000000000000001                ASSERT (((_vector_spacing == 0x0) || (SIZEOF (.vector_30) <= (_vector_spacing << 0x5))), function at exception vector 30 too large)

.vector_31      0x000000009fc015e0        0x8
 *(.vector_31)
 .vector_31     0x000000009fc015e0        0x8 /opt/microchip/xc32/v3.01/bin/bin/../../lib/gcc/pic32mx/8.3.1/../../../../pic32mx/lib/libpic32.a(vector31.o)
                0x000000009fc015e0                __vector_dispatch_31
                0x0000000000000001                ASSERT (((_vector_spacing == 0x0) || (SIZEOF (.vector_31) <= (_vector_spacing << 0x5))), function at exception vector 31 too large)

.vector_32      0x000000009fc01600        0x8
 *(.vector_32)
 .vector_32     0x000000009fc01600        0x8 /opt/microchip/xc32/v3.01/bin/bin/../../lib/gcc/pic32mx/8.3.1/../../../../pic32mx/lib/libpic32.a(vector32.o)
                0x000000009fc01600                __vector_dispatch_32
                0x0000000000000001                ASSERT (((_vector_spacing == 0x0) || (SIZEOF (.vector_32) <= (_vector_spacing << 0x5))), function at exception vector 32 too large)

.vector_33      0x000000009fc01620        0x8
 *(.vector_33)
 .vector_33     0x000000009fc01620        0x8 /opt/microchip/xc32/v3.01/bin/bin/../../lib/gcc/pic32mx/8.3.1/../../../../pic32mx/lib/libpic32.a(vector33.o)
                0x000000009fc01620                __vector_dispatch_33
                0x0000000000000001                ASSERT (((_vector_spacing == 0x0) || (SIZEOF (.vector_33) <= (_vector_spacing << 0x5))), function at exception vector 33 too large)

.vector_34      0x000000009fc01640        0x8
 *(.vector_34)
 .vector_34     0x000000009fc01640        0x8 /opt/microchip/xc32/v3.01/bin/bin/../../lib/gcc/pic32mx/8.3.1/../../../../pic32mx/lib/libpic32.a(vector34.o)
                0x000000009fc01640                __vector_dispatch_34
                0x0000000000000001                ASSERT (((_vector_spacing == 0x0) || (SIZEOF (.vector_34) <= (_vector_spacing << 0x5))), function at exception vector 34 too large)

.vector_35      0x000000009fc01660        0x8
 *(.vector_35)
 .vector_35     0x000000009fc01660        0x8 /opt/microchip/xc32/v3.01/bin/bin/../../lib/gcc/pic32mx/8.3.1/../../../../pic32mx/lib/libpic32.a(vector35.o)
                0x000000009fc01660                __vector_dispatch_35
                0x0000000000000001                ASSERT (((_vector_spacing == 0x0) || (SIZEOF (.vector_35) <= (_vector_spacing << 0x5))), function at exception vector 35 too large)

.vector_36      0x000000009fc01680        0x8
 *(.vector_36)
 .vector_36     0x000000009fc01680        0x8 /opt/microchip/xc32/v3.01/bin/bin/../../lib/gcc/pic32mx/8.3.1/../../../../pic32mx/lib/libpic32.a(vector36.o)
                0x000000009fc01680                __vector_dispatch_36
                0x0000000000000001                ASSERT (((_vector_spacing == 0x0) || (SIZEOF (.vector_36) <= (_vector_spacing << 0x5))), function at exception vector 36 too large)

.vector_37      0x000000009fc016a0        0x8
 *(.vector_37)
 .vector_37     0x000000009fc016a0        0x8 /opt/microchip/xc32/v3.01/bin/bin/../../lib/gcc/pic32mx/8.3.1/../../../../pic32mx/lib/libpic32.a(vector37.o)
                0x000000009fc016a0                __vector_dispatch_37
                0x0000000000000001                ASSERT (((_vector_spacing == 0x0) || (SIZEOF (.vector_37) <= (_vector_spacing << 0x5))), function at exception vector 37 too large)

.vector_38      0x000000009fc016c0        0x8
 *(.vector_38)
 .vector_38     0x000000009fc016c0        0x8 /opt/microchip/xc32/v3.01/bin/bin/../../lib/gcc/pic32mx/8.3.1/../../../../pic32mx/lib/libpic32.a(vector38.o)
                0x000000009fc016c0                __vector_dispatch_38
                0x0000000000000001                ASSERT (((_vector_spacing == 0x0) || (SIZEOF (.vector_38) <= (_vector_spacing << 0x5))), function at exception vector 38 too large)

.vector_39      0x000000009fc016e0        0x8
 *(.vector_39)
 .vector_39     0x000000009fc016e0        0x8 /opt/microchip/xc32/v3.01/bin/bin/../../lib/gcc/pic32mx/8.3.1/../../../../pic32mx/lib/libpic32.a(vector39.o)
                0x000000009fc016e0                __vector_dispatch_39
                0x0000000000000001                ASSERT (((_vector_spacing == 0x0) || (SIZEOF (.vector_39) <= (_vector_spacing << 0x5))), function at exception vector 39 too large)

.vector_40      0x000000009fc01700        0x8
 *(.vector_40)
 .vector_40     0x000000009fc01700        0x8 /opt/microchip/xc32/v3.01/bin/bin/../../lib/gcc/pic32mx/8.3.1/../../../../pic32mx/lib/libpic32.a(vector40.o)
                0x000000009fc01700                __vector_dispatch_40
                0x0000000000000001                ASSERT (((_vector_spacing == 0x0) || (SIZEOF (.vector_40) <= (_vector_spacing << 0x5))), function at exception vector 40 too large)

.vector_41      0x000000009fc01720        0x8
 *(.vector_41)
 .vector_41     0x000000009fc01720        0x8 /opt/microchip/xc32/v3.01/bin/bin/../../lib/gcc/pic32mx/8.3.1/../../../../pic32mx/lib/libpic32.a(vector41.o)
                0x000000009fc01720                __vector_dispatch_41
                0x0000000000000001                ASSERT (((_vector_spacing == 0x0) || (SIZEOF (.vector_41) <= (_vector_spacing << 0x5))), function at exception vector 41 too large)

.vector_42      0x000000009fc01740        0x8
 *(.vector_42)
 .vector_42     0x000000009fc01740        0x8 /opt/microchip/xc32/v3.01/bin/bin/../../lib/gcc/pic32mx/8.3.1/../../../../pic32mx/lib/libpic32.a(vector42.o)
                0x000000009fc01740                __vector_dispatch_42
                0x0000000000000001                ASSERT (((_vector_spacing == 0x0) || (SIZEOF (.vector_42) <= (_vector_spacing << 0x5))), function at exception vector 42 too large)

.vector_43      0x000000009fc01760        0x8
 *(.vector_43)
 .vector_43     0x000000009fc01760        0x8 /opt/microchip/xc32/v3.01/bin/bin/../../lib/gcc/pic32mx/8.3.1/../../../../pic32mx/lib/libpic32.a(vector43.o)
                0x000000009fc01760                __vector_dispatch_43
                0x0000000000000001                ASSERT (((_vector_spacing == 0x0) || (SIZEOF (.vector_43) <= (_vector_spacing << 0x5))), function at exception vector 43 too large)

.vector_44      0x000000009fc01780        0x8
 *(.vector_44)
 .vector_44     0x000000009fc01780        0x8 /opt/microchip/xc32/v3.01/bin/bin/../../lib/gcc/pic32mx/8.3.1/../../../../pic32mx/lib/libpic32.a(vector44.o)
                0x000000009fc01780                __vector_dispatch_44
                0x0000000000000001                ASSERT (((_vector_spacing == 0x0) || (SIZEOF (.vector_44) <= (_vector_spacing << 0x5))), function at exception vector 44 too large)

.vector_45      0x000000009fc017a0        0x8
 *(.vector_45)
 .vector_45     0x000000009fc017a0        0x8 /opt/microchip/xc32/v3.01/bin/bin/../../lib/gcc/pic32mx/8.3.1/../../../../pic32mx/lib/libpic32.a(vector45.o)
                0x000000009fc017a0                __vector_dispatch_45
                0x0000000000000001                ASSERT (((_vector_spacing == 0x0) || (SIZEOF (.vector_45) <= (_vector_spacing << 0x5))), function at exception vector 45 too large)

.vector_46      0x000000009fc017c0        0x8
 *(.vector_46)
 .vector_46     0x000000009fc017c0        0x8 /opt/microchip/xc32/v3.01/bin/bin/../../lib/gcc/pic32mx/8.3.1/../../../../pic32mx/lib/libpic32.a(vector46.o)
                0x000000009fc017c0                __vector_dispatch_46
                0x0000000000000001                ASSERT (((_vector_spacing == 0x0) || (SIZEOF (.vector_46) <= (_vector_spacing << 0x5))), function at exception vector 46 too large)

.vector_47      0x000000009fc017e0        0x8
 *(.vector_47)
 .vector_47     0x000000009fc017e0        0x8 /opt/microchip/xc32/v3.01/bin/bin/../../lib/gcc/pic32mx/8.3.1/../../../../pic32mx/lib/libpic32.a(vector47.o)
                0x000000009fc017e0                __vector_dispatch_47
                0x0000000000000001                ASSERT (((_vector_spacing == 0x0) || (SIZEOF (.vector_47) <= (_vector_spacing << 0x5))), function at exception vector 47 too large)

.vector_48      0x000000009fc01800        0x8
 *(.vector_48)
 .vector_48     0x000000009fc01800        0x8 /opt/microchip/xc32/v3.01/bin/bin/../../lib/gcc/pic32mx/8.3.1/../../../../pic32mx/lib/libpic32.a(vector48.o)
                0x000000009fc01800                __vector_dispatch_48
                0x0000000000000001                ASSERT (((_vector_spacing == 0x0) || (SIZEOF (.vector_48) <= (_vector_spacing << 0x5))), function at exception vector 48 too large)

.vector_49      0x000000009fc01820        0x8
 *(.vector_49)
 .vector_49     0x000000009fc01820        0x8 /opt/microchip/xc32/v3.01/bin/bin/../../lib/gcc/pic32mx/8.3.1/../../../../pic32mx/lib/libpic32.a(vector49.o)
                0x000000009fc01820                __vector_dispatch_49
                0x0000000000000001                ASSERT (((_vector_spacing == 0x0) || (SIZEOF (.vector_49) <= (_vector_spacing << 0x5))), function at exception vector 49 too large)

.vector_50      0x000000009fc01840        0x8
 *(.vector_50)
 .vector_50     0x000000009fc01840        0x8 /opt/microchip/xc32/v3.01/bin/bin/../../lib/gcc/pic32mx/8.3.1/../../../../pic32mx/lib/libpic32.a(vector50.o)
                0x000000009fc01840                __vector_dispatch_50
                0x0000000000000001                ASSERT (((_vector_spacing == 0x0) || (SIZEOF (.vector_50) <= (_vector_spacing << 0x5))), function at exception vector 50 too large)

.vector_51      0x000000009fc01860        0x8
 *(.vector_51)
 .vector_51     0x000000009fc01860        0x8 /opt/microchip/xc32/v3.01/bin/bin/../../lib/gcc/pic32mx/8.3.1/../../../../pic32mx/lib/libpic32.a(vector51.o)
                0x000000009fc01860                __vector_dispatch_51
                0x0000000000000001                ASSERT (((_vector_spacing == 0x0) || (SIZEOF (.vector_51) <= (_vector_spacing << 0x5))), function at exception vector 51 too large)

.vector_52      0x000000009fc01880        0x0
 *(.vector_52)
                0x0000000000000001                ASSERT (((_vector_spacing == 0x0) || (SIZEOF (.vector_52) <= (_vector_spacing << 0x5))), function at exception vector 52 too large)

.vector_53      0x000000009fc018a0        0x0
 *(.vector_53)
                0x0000000000000001                ASSERT (((_vector_spacing == 0x0) || (SIZEOF (.vector_53) <= (_vector_spacing << 0x5))), function at exception vector 53 too large)

.vector_54      0x000000009fc018c0        0x0
 *(.vector_54)
                0x0000000000000001                ASSERT (((_vector_spacing == 0x0) || (SIZEOF (.vector_54) <= (_vector_spacing << 0x5))), function at exception vector 54 too large)

.vector_55      0x000000009fc018e0        0x0
 *(.vector_55)
                0x0000000000000001                ASSERT (((_vector_spacing == 0x0) || (SIZEOF (.vector_55) <= (_vector_spacing << 0x5))), function at exception vector 55 too large)

.vector_56      0x000000009fc01900        0x0
 *(.vector_56)
                0x0000000000000001                ASSERT (((_vector_spacing == 0x0) || (SIZEOF (.vector_56) <= (_vector_spacing << 0x5))), function at exception vector 56 too large)

.vector_57      0x000000009fc01920        0x0
 *(.vector_57)
                0x0000000000000001                ASSERT (((_vector_spacing == 0x0) || (SIZEOF (.vector_57) <= (_vector_spacing << 0x5))), function at exception vector 57 too large)

.vector_58      0x000000009fc01940        0x0
 *(.vector_58)
                0x0000000000000001                ASSERT (((_vector_spacing == 0x0) || (SIZEOF (.vector_58) <= (_vector_spacing << 0x5))), function at exception vector 58 too large)

.vector_59      0x000000009fc01960        0x0
 *(.vector_59)
                0x0000000000000001                ASSERT (((_vector_spacing == 0x0) || (SIZEOF (.vector_59) <= (_vector_spacing << 0x5))), function at exception vector 59 too large)

.vector_60      0x000000009fc01980        0x0
 *(.vector_60)
                0x0000000000000001                ASSERT (((_vector_spacing == 0x0) || (SIZEOF (.vector_60) <= (_vector_spacing << 0x5))), function at exception vector 60 too large)

.vector_61      0x000000009fc019a0        0x0
 *(.vector_61)
                0x0000000000000001                ASSERT (((_vector_spacing == 0x0) || (SIZEOF (.vector_61) <= (_vector_spacing << 0x5))), function at exception vector 61 too large)

.vector_62      0x000000009fc019c0        0x0
 *(.vector_62)
                0x0000000000000001                ASSERT (((_vector_spacing == 0x0) || (SIZEOF (.vector_62) <= (_vector_spacing << 0x5))), function at exception vector 62 too large)

.vector_63      0x000000009fc019e0        0x0
 *(.vector_63)
                0x0000000000000001                ASSERT (((_vector_spacing == 0x0) || (SIZEOF (.vector_63) <= (_vector_spacing << 0x5))), function at exception vector 63 too large)

.startup
 *(.startup)

.text           0x000000009d000000        0x0
 *(.stub .gnu.linkonce.t.*)
 *(.text.*personality*)
 *(.mips16.fn.*)
 *(.mips16.call.*)
 *(.gnu.warning)
                0x000000009d000000                . = ALIGN (0x4)

.init           0x000000009d000000        0x0
 *crti.o(.init)
 *crtbegin.o(.init)
 *(EXCLUDE_FILE(*crtn.o *crtend?.o *crtend.o) .init)
 *crtend.o(.init)
 *crtn.o(.init)
                0x000000009d000000                . = ALIGN (0x4)

.fini           0x000000009d000000        0x0
 *(.fini)
                0x000000009d000000                . = ALIGN (0x4)

.preinit_array  0x000000009d000000        0x0
                [!provide]                        PROVIDE (__preinit_array_start = .)
 *(.preinit_array)
                [!provide]                        PROVIDE (__preinit_array_end = .)
                0x000000009d000000                . = ALIGN (0x4)

.init_array     0x000000009d000000        0x0
                [!provide]                        PROVIDE (__init_array_start = .)
 *(SORT_BY_NAME(.init_array.*))
 *(.init_array)
                [!provide]                        PROVIDE (__init_array_end = .)
                0x000000009d000000                . = ALIGN (0x4)

.fini_array     0x000000009d000000        0x0
                [!provide]                        PROVIDE (__fini_array_start = .)
 *(SORT_BY_NAME(.fini_array.*))
 *(.fini_array)
                [!provide]                        PROVIDE (__fini_array_end = .)
                0x000000009d000000                . = ALIGN (0x4)

.ctors          0x000000009d000000        0x0
 *crtbegin.o(.ctors)
 *crtbegin?.o(.ctors)
 *(EXCLUDE_FILE(*crtend?.o *crtend.o) .ctors)
 *(SORT_BY_NAME(.ctors.*))
 *(.ctors)
                0x000000009d000000                . = ALIGN (0x4)

.dtors          0x000000009d000000        0x0
 *crtbegin.o(.dtors)
 *crtbegin?.o(.dtors)
 *(EXCLUDE_FILE(*crtend?.o *crtend.o) .dtors)
 *(SORT_BY_NAME(.dtors.*))
 *(.dtors)
                0x000000009d000000                . = ALIGN (0x4)

.rodata         0x000000009d000000        0x0
 *(.gnu.linkonce.r.*)
 *(.rodata1)
                0x000000009d000000                . = ALIGN (0x4)

.sdata2         0x000000009d000000        0x0
 *(.sdata2 .sdata2.* .gnu.linkonce.s2.*)
                0x000000009d000000                . = ALIGN (0x4)

.sbss2          0x000000009d000000        0x0
 *(.sbss2 .sbss2.* .gnu.linkonce.sb2.*)
                0x000000009d000000                . = ALIGN (0x4)

.eh_frame_hdr
 *(.eh_frame_hdr)
                0x000000009d000000                . = ALIGN (0x4)

.eh_frame
 *(.eh_frame)
                0x000000009d000000                . = ALIGN (0x4)

.gcc_except_table
 *(.gcc_except_table .gcc_except_table.*)
                0x000000009d000000                . = ALIGN (0x4)

.dbg_data       0x00000000a0000000        0x0
                0x00000000a0000000                . = (. + DEFINED (_DEBUGGER)?0x200:0x0)

.jcr            0x00000000a0000000        0x0
 *(.jcr)
                0x00000000a0000000                . = ALIGN (0x4)

.eh_frame
 *(.eh_frame)
                0x00000000a0000000                . = ALIGN (0x4)

.gcc_except_table
 *(.gcc_except_table .gcc_except_table.*)
                0x00000000a0000000                . = ALIGN (0x4)

.persist        0x00000000a0000000        0x0
                0x00000000a0000000                _persist_begin = .
 *(.persist .persist.*)
                0x00000000a0000000                . = ALIGN (0x4)
                0x00000000a0000000                _persist_end = .

.data           0x00000000a0000000        0x0
 *(.gnu.linkonce.d.*)
 *(.data1)
                0x00000000a0000000                . = ALIGN (0x4)
                0x00000000a0000000                . = .
                0x00000000a0007ff0                _gp = (ALIGN (0x10) + 0x7ff0)

.got            0x00000000a0000000        0x0
 *(.got.plt)
 *(.got)
                0x00000000a0000000                . = ALIGN (0x4)

.sdata          0x00000000a0000000       0x20
                0x00000000a0000000                _sdata_begin = .
 *(.sdata .sdata.* .gnu.linkonce.s.*)
 .sdata         0x00000000a0000000        0x1 build/default/production/_ext/1360937237/UARTSlave.o
                0x00000000a0000000                networkId
 *fill*         0x00000000a0000001        0x3 
 .sdata         0x00000000a0000004       0x1c build/default/production/_ext/1360937237/main.o
                0x00000000a0000004                blinkFunctionState
                0x00000000a0000008                systemConfigRegisterPtr
                0x00000000a000000c                systemConfigRegister
                0x00000000a0000014                panelConfigRegisterPtr
                0x00000000a0000018                bitmapRegisterDefaultPtr
                0x00000000a000001c                bitmapRegisterPtr
                0x00000000a0000020                . = ALIGN (0x4)
                0x00000000a0000020                _sdata_end = .

.lit8
 *(.lit8)

.lit4
 *(.lit4)
                0x00000000a0000020                . = ALIGN (0x4)
                0x00000000a0000020                _data_end = .
                0x00000000a0000020                _bss_begin = .

.sbss           0x00000000a0000020       0x20
                0x00000000a0000020                _sbss_begin = .
 *(.dynsbss)
 *(.sbss .sbss.* .gnu.linkonce.sb.*)
 .sbss          0x00000000a0000020       0x14 build/default/production/_ext/1360937237/UARTSlave.o
                0x00000000a0000024                dataIsBeenReceived
                0x00000000a0000028                sysConfigBuffer
                0x00000000a000002c                bitmapBuffer
                0x00000000a0000030                panelConfigBuffer
 .sbss          0x00000000a0000034        0x9 build/default/production/_ext/1360937237/main.o
                0x00000000a0000038                millis
                0x00000000a000003c                bytesInRxBuffer
 *(.scommon)
                0x00000000a000003d                _sbss_end = .
                0x00000000a0000040                . = ALIGN (0x4)
 *fill*         0x00000000a000003d        0x3 

.bss            0x00000000a0000040        0x0
 *(.dynbss)
 *(COMMON)
                0x00000000a0000040                . = ALIGN ((. != 0x0)?0x4:0x1)
                0x00000000a0000040                . = ALIGN (0x4)
                0x00000000a0000040                _end = .
                0x00000000a0000040                _bss_end = .
                0x0000000000020000                _bmxdudba_address = LENGTH (kseg1_data_mem)
                0x0000000000020000                _bmxdupba_address = LENGTH (kseg1_data_mem)

/DISCARD/
 *(.pdr)
 *(.rel.dyn)
 *(.note.GNU-stack)
 *(.note.GNU-stack)
 *(.gnu_debuglink)
 *(.gnu.lto_*)
 *(.discard)

.gptab.sdata
 *(.gptab.data)
 *(.gptab.sdata)

.gptab.sbss
 *(.gptab.bss)
 *(.gptab.sbss)

.mdebug.abi32   0x0000000000000000        0x0
 *(.mdebug.abi32)
 .mdebug.abi32  0x0000000000000000        0x0 build/default/production/_ext/60165520/plib_clk.o
 .mdebug.abi32  0x0000000000000000        0x0 build/default/production/_ext/1249264884/plib_coretimer.o
 .mdebug.abi32  0x0000000000000000        0x0 build/default/production/_ext/1865200349/plib_evic.o
 .mdebug.abi32  0x0000000000000000        0x0 build/default/production/_ext/1865254177/plib_gpio.o
 .mdebug.abi32  0x0000000000000000        0x0 build/default/production/_ext/513455433/plib_i2c1_master.o
 .mdebug.abi32  0x0000000000000000        0x0 build/default/production/_ext/1865657120/plib_uart1.o
 .mdebug.abi32  0x0000000000000000        0x0 build/default/production/_ext/163028504/xc32_monitor.o
 .mdebug.abi32  0x0000000000000000        0x0 build/default/production/_ext/1171490990/initialization.o
 .mdebug.abi32  0x0000000000000000        0x0 build/default/production/_ext/1171490990/interrupts.o
 .mdebug.abi32  0x0000000000000000        0x0 build/default/production/_ext/1171490990/exceptions.o
 .mdebug.abi32  0x0000000000000000        0x0 build/default/production/_ext/1360937237/PanelControl.o
 .mdebug.abi32  0x0000000000000000        0x0 build/default/production/_ext/1360937237/UARTSlave.o
 .mdebug.abi32  0x0000000000000000        0x0 build/default/production/_ext/1360937237/main.o
 .mdebug.abi32  0x0000000000000000        0x0 /opt/microchip/xc32/v3.01/bin/bin/../../lib/gcc/pic32mx/8.3.1/libgcc.a(floatunsisf.o)
 .mdebug.abi32  0x0000000000000000        0x0 /opt/microchip/xc32/v3.01/bin/bin/../../lib/gcc/pic32mx/8.3.1/../../../../pic32mx/lib/libpic32.a(default-on-reset.o)
 .mdebug.abi32  0x0000000000000000        0x0 /opt/microchip/xc32/v3.01/bin/bin/../../lib/gcc/pic32mx/8.3.1/../../../../pic32mx/lib/libpic32.a(default-on-bootstrap.o)
 .mdebug.abi32  0x0000000000000000        0x0 /opt/microchip/xc32/v3.01/bin/bin/../../lib/gcc/pic32mx/8.3.1/../../../../pic32mx/lib/libpic32.a(defaultinterrupt.o)

.mdebug.abiN32
 *(.mdebug.abiN32)

.mdebug.abi64
 *(.mdebug.abi64)

.mdebug.abiO64
 *(.mdebug.abiO64)

.mdebug.eabi32
 *(.mdebug.eabi32)

.mdebug.eabi64
 *(.mdebug.eabi64)

.gcc_compiled_long32
 *(.gcc_compiled_long32)

.gcc_compiled_long64
 *(.gcc_compiled_long64)

.stab
 *(.stab)

.stabstr
 *(.stabstr)

.stab.excl
 *(.stab.excl)

.stab.exclstr
 *(.stab.exclstr)

.stab.index
 *(.stab.index)

.stab.indexstr
 *(.stab.indexstr)

.comment        0x0000000000000000       0x6b
 *(.comment)
 .comment       0x0000000000000000       0x53 build/default/production/_ext/60165520/plib_clk.o
                                         0x54 (size before relaxing)
 .comment       0x0000000000000053       0x54 build/default/production/_ext/1249264884/plib_coretimer.o
 .comment       0x0000000000000053       0x54 build/default/production/_ext/1865200349/plib_evic.o
 .comment       0x0000000000000053       0x54 build/default/production/_ext/1865254177/plib_gpio.o
 .comment       0x0000000000000053       0x54 build/default/production/_ext/513455433/plib_i2c1_master.o
 .comment       0x0000000000000053       0x54 build/default/production/_ext/1865657120/plib_uart1.o
 .comment       0x0000000000000053       0x54 build/default/production/_ext/163028504/xc32_monitor.o
 .comment       0x0000000000000053       0x54 build/default/production/_ext/1171490990/initialization.o
 .comment       0x0000000000000053       0x54 build/default/production/_ext/1171490990/interrupts.o
 .comment       0x0000000000000053       0x54 build/default/production/_ext/1171490990/exceptions.o
 .comment       0x0000000000000053       0x54 build/default/production/_ext/1360937237/PanelControl.o
 .comment       0x0000000000000053       0x54 build/default/production/_ext/1360937237/UARTSlave.o
 .comment       0x0000000000000053       0x54 build/default/production/_ext/1360937237/main.o
 .comment       0x0000000000000053       0x54 /opt/microchip/xc32/v3.01/bin/bin/../../lib/gcc/pic32mx/8.3.1/libgcc.a(floatunsisf.o)
 .comment       0x0000000000000053       0x18 /opt/microchip/xc32/v3.01/bin/bin/../../lib/gcc/pic32mx/8.3.1/../../../../pic32mx/lib/libpic32.a(memset.o)
                                         0x19 (size before relaxing)
 .comment       0x000000000000006b       0x54 /opt/microchip/xc32/v3.01/bin/bin/../../lib/gcc/pic32mx/8.3.1/../../../../pic32mx/lib/libpic32.a(default-on-reset.o)
 .comment       0x000000000000006b       0x54 /opt/microchip/xc32/v3.01/bin/bin/../../lib/gcc/pic32mx/8.3.1/../../../../pic32mx/lib/libpic32.a(default-on-bootstrap.o)
 .comment       0x000000000000006b       0x54 /opt/microchip/xc32/v3.01/bin/bin/../../lib/gcc/pic32mx/8.3.1/../../../../pic32mx/lib/libpic32.a(defaultinterrupt.o)

.debug
 *.elf(.debug)
 *(.debug)

.line
 *.elf(.line)
 *(.line)

.debug_srcinfo
 *.elf(.debug_srcinfo)
 *(.debug_srcinfo)

.debug_sfnames
 *.elf(.debug_sfnames)
 *(.debug_sfnames)

.debug_aranges  0x0000000000000000      0x498
 *.elf(.debug_aranges)
 *(.debug_aranges)
 .debug_aranges
                0x0000000000000000       0x20 build/default/production/_ext/60165520/plib_clk.o
 .debug_aranges
                0x0000000000000020       0x60 build/default/production/_ext/1249264884/plib_coretimer.o
 .debug_aranges
                0x0000000000000080       0x68 build/default/production/_ext/1865200349/plib_evic.o
 .debug_aranges
                0x00000000000000e8       0x60 build/default/production/_ext/1865254177/plib_gpio.o
 .debug_aranges
                0x0000000000000148       0x60 build/default/production/_ext/513455433/plib_i2c1_master.o
 .debug_aranges
                0x00000000000001a8       0xc0 build/default/production/_ext/1865657120/plib_uart1.o
 .debug_aranges
                0x0000000000000268       0x28 build/default/production/_ext/163028504/xc32_monitor.o
 .debug_aranges
                0x0000000000000290       0x20 build/default/production/_ext/1171490990/initialization.o
 .debug_aranges
                0x00000000000002b0       0x30 build/default/production/_ext/1171490990/interrupts.o
 .debug_aranges
                0x00000000000002e0       0x28 build/default/production/_ext/1171490990/exceptions.o
 .debug_aranges
                0x0000000000000308       0x68 build/default/production/_ext/1360937237/PanelControl.o
 .debug_aranges
                0x0000000000000370       0x40 build/default/production/_ext/1360937237/UARTSlave.o
 .debug_aranges
                0x00000000000003b0       0x68 build/default/production/_ext/1360937237/main.o
 .debug_aranges
                0x0000000000000418       0x20 /opt/microchip/xc32/v3.01/bin/bin/../../lib/gcc/pic32mx/8.3.1/libgcc.a(floatunsisf.o)
 .debug_aranges
                0x0000000000000438       0x20 /opt/microchip/xc32/v3.01/bin/bin/../../lib/gcc/pic32mx/8.3.1/../../../../pic32mx/lib/libpic32.a(default-on-reset.o)
 .debug_aranges
                0x0000000000000458       0x20 /opt/microchip/xc32/v3.01/bin/bin/../../lib/gcc/pic32mx/8.3.1/../../../../pic32mx/lib/libpic32.a(default-on-bootstrap.o)
 .debug_aranges
                0x0000000000000478       0x20 /opt/microchip/xc32/v3.01/bin/bin/../../lib/gcc/pic32mx/8.3.1/../../../../pic32mx/lib/libpic32.a(defaultinterrupt.o)

.debug_pubnames
 *.elf(.debug_pubnames)
 *(.debug_pubnames)

.debug_info     0x0000000000000000   0x25e1de
 *.elf(.debug_info .gnu.linkonce.wi.*)
 *(.debug_info .gnu.linkonce.wi.*)
 .debug_info    0x0000000000000000    0x32354 build/default/production/_ext/60165520/plib_clk.o
 .debug_info    0x0000000000032354    0x32583 build/default/production/_ext/1249264884/plib_coretimer.o
 .debug_info    0x00000000000648d7    0x327e0 build/default/production/_ext/1865200349/plib_evic.o
 .debug_info    0x00000000000970b7    0x32581 build/default/production/_ext/1865254177/plib_gpio.o
 .debug_info    0x00000000000c9638    0x327e9 build/default/production/_ext/513455433/plib_i2c1_master.o
 .debug_info    0x00000000000fbe21    0x32fd6 build/default/production/_ext/1865657120/plib_uart1.o
 .debug_info    0x000000000012edf7       0x8a build/default/production/_ext/163028504/xc32_monitor.o
 .debug_info    0x000000000012ee81    0x32402 build/default/production/_ext/1171490990/initialization.o
 .debug_info    0x0000000000161283    0x323d9 build/default/production/_ext/1171490990/interrupts.o
 .debug_info    0x000000000019365c    0x32506 build/default/production/_ext/1171490990/exceptions.o
 .debug_info    0x00000000001c5b62    0x3313f build/default/production/_ext/1360937237/PanelControl.o
 .debug_info    0x00000000001f8ca1    0x326aa build/default/production/_ext/1360937237/UARTSlave.o
 .debug_info    0x000000000022b34b    0x32d38 build/default/production/_ext/1360937237/main.o
 .debug_info    0x000000000025e083       0x9d /opt/microchip/xc32/v3.01/bin/bin/../../lib/gcc/pic32mx/8.3.1/libgcc.a(floatunsisf.o)
 .debug_info    0x000000000025e120       0x3f /opt/microchip/xc32/v3.01/bin/bin/../../lib/gcc/pic32mx/8.3.1/../../../../pic32mx/lib/libpic32.a(default-on-reset.o)
 .debug_info    0x000000000025e15f       0x3f /opt/microchip/xc32/v3.01/bin/bin/../../lib/gcc/pic32mx/8.3.1/../../../../pic32mx/lib/libpic32.a(default-on-bootstrap.o)
 .debug_info    0x000000000025e19e       0x40 /opt/microchip/xc32/v3.01/bin/bin/../../lib/gcc/pic32mx/8.3.1/../../../../pic32mx/lib/libpic32.a(defaultinterrupt.o)

.debug_abbrev   0x0000000000000000     0x1fa1
 *.elf(.debug_abbrev)
 *(.debug_abbrev)
 .debug_abbrev  0x0000000000000000      0x18b build/default/production/_ext/60165520/plib_clk.o
 .debug_abbrev  0x000000000000018b      0x25b build/default/production/_ext/1249264884/plib_coretimer.o
 .debug_abbrev  0x00000000000003e6      0x206 build/default/production/_ext/1865200349/plib_evic.o
 .debug_abbrev  0x00000000000005ec      0x206 build/default/production/_ext/1865254177/plib_gpio.o
 .debug_abbrev  0x00000000000007f2      0x302 build/default/production/_ext/513455433/plib_i2c1_master.o
 .debug_abbrev  0x0000000000000af4      0x490 build/default/production/_ext/1865657120/plib_uart1.o
 .debug_abbrev  0x0000000000000f84       0x88 build/default/production/_ext/163028504/xc32_monitor.o
 .debug_abbrev  0x000000000000100c      0x1db build/default/production/_ext/1171490990/initialization.o
 .debug_abbrev  0x00000000000011e7      0x1ac build/default/production/_ext/1171490990/interrupts.o
 .debug_abbrev  0x0000000000001393      0x205 build/default/production/_ext/1171490990/exceptions.o
 .debug_abbrev  0x0000000000001598      0x29e build/default/production/_ext/1360937237/PanelControl.o
 .debug_abbrev  0x0000000000001836      0x29d build/default/production/_ext/1360937237/UARTSlave.o
 .debug_abbrev  0x0000000000001ad3      0x3c4 build/default/production/_ext/1360937237/main.o
 .debug_abbrev  0x0000000000001e97       0x7d /opt/microchip/xc32/v3.01/bin/bin/../../lib/gcc/pic32mx/8.3.1/libgcc.a(floatunsisf.o)
 .debug_abbrev  0x0000000000001f14       0x2e /opt/microchip/xc32/v3.01/bin/bin/../../lib/gcc/pic32mx/8.3.1/../../../../pic32mx/lib/libpic32.a(default-on-reset.o)
 .debug_abbrev  0x0000000000001f42       0x2e /opt/microchip/xc32/v3.01/bin/bin/../../lib/gcc/pic32mx/8.3.1/../../../../pic32mx/lib/libpic32.a(default-on-bootstrap.o)
 .debug_abbrev  0x0000000000001f70       0x31 /opt/microchip/xc32/v3.01/bin/bin/../../lib/gcc/pic32mx/8.3.1/../../../../pic32mx/lib/libpic32.a(defaultinterrupt.o)

.debug_line     0x0000000000000000     0x46fc
 *.elf(.debug_line)
 *(.debug_line)
 .debug_line    0x0000000000000000      0x1d5 build/default/production/_ext/60165520/plib_clk.o
 .debug_line    0x00000000000001d5      0x384 build/default/production/_ext/1249264884/plib_coretimer.o
 .debug_line    0x0000000000000559      0x364 build/default/production/_ext/1865200349/plib_evic.o
 .debug_line    0x00000000000008bd      0x363 build/default/production/_ext/1865254177/plib_gpio.o
 .debug_line    0x0000000000000c20      0x8cd build/default/production/_ext/513455433/plib_i2c1_master.o
 .debug_line    0x00000000000014ed      0xbe0 build/default/production/_ext/1865657120/plib_uart1.o
 .debug_line    0x00000000000020cd       0xac build/default/production/_ext/163028504/xc32_monitor.o
 .debug_line    0x0000000000002179      0x46c build/default/production/_ext/1171490990/initialization.o
 .debug_line    0x00000000000025e5      0x1f8 build/default/production/_ext/1171490990/interrupts.o
 .debug_line    0x00000000000027dd      0x23c build/default/production/_ext/1171490990/exceptions.o
 .debug_line    0x0000000000002a19      0xe50 build/default/production/_ext/1360937237/PanelControl.o
 .debug_line    0x0000000000003869      0x4c0 build/default/production/_ext/1360937237/UARTSlave.o
 .debug_line    0x0000000000003d29      0x700 build/default/production/_ext/1360937237/main.o
 .debug_line    0x0000000000004429       0xba /opt/microchip/xc32/v3.01/bin/bin/../../lib/gcc/pic32mx/8.3.1/libgcc.a(floatunsisf.o)
 .debug_line    0x00000000000044e3       0xa6 /opt/microchip/xc32/v3.01/bin/bin/../../lib/gcc/pic32mx/8.3.1/../../../../pic32mx/lib/libpic32.a(default-on-reset.o)
 .debug_line    0x0000000000004589       0xaa /opt/microchip/xc32/v3.01/bin/bin/../../lib/gcc/pic32mx/8.3.1/../../../../pic32mx/lib/libpic32.a(default-on-bootstrap.o)
 .debug_line    0x0000000000004633       0xc9 /opt/microchip/xc32/v3.01/bin/bin/../../lib/gcc/pic32mx/8.3.1/../../../../pic32mx/lib/libpic32.a(defaultinterrupt.o)

.debug_frame    0x0000000000000000      0xa00
 *.elf(.debug_frame)
 *(.debug_frame)
 .debug_frame   0x0000000000000000       0x20 build/default/production/_ext/60165520/plib_clk.o
 .debug_frame   0x0000000000000020       0xdc build/default/production/_ext/1249264884/plib_coretimer.o
 .debug_frame   0x00000000000000fc       0xd4 build/default/production/_ext/1865200349/plib_evic.o
 .debug_frame   0x00000000000001d0       0xa0 build/default/production/_ext/1865254177/plib_gpio.o
 .debug_frame   0x0000000000000270       0xd8 build/default/production/_ext/513455433/plib_i2c1_master.o
 .debug_frame   0x0000000000000348      0x1b0 build/default/production/_ext/1865657120/plib_uart1.o
 .debug_frame   0x00000000000004f8       0x30 build/default/production/_ext/163028504/xc32_monitor.o
 .debug_frame   0x0000000000000528       0x2c build/default/production/_ext/1171490990/initialization.o
 .debug_frame   0x0000000000000554      0x118 build/default/production/_ext/1171490990/interrupts.o
 .debug_frame   0x000000000000066c       0x40 build/default/production/_ext/1171490990/exceptions.o
 .debug_frame   0x00000000000006ac      0x130 build/default/production/_ext/1360937237/PanelControl.o
 .debug_frame   0x00000000000007dc       0x7c build/default/production/_ext/1360937237/UARTSlave.o
 .debug_frame   0x0000000000000858      0x11c build/default/production/_ext/1360937237/main.o
 .debug_frame   0x0000000000000974       0x2c /opt/microchip/xc32/v3.01/bin/bin/../../lib/gcc/pic32mx/8.3.1/libgcc.a(floatunsisf.o)
 .debug_frame   0x00000000000009a0       0x20 /opt/microchip/xc32/v3.01/bin/bin/../../lib/gcc/pic32mx/8.3.1/../../../../pic32mx/lib/libpic32.a(default-on-reset.o)
 .debug_frame   0x00000000000009c0       0x20 /opt/microchip/xc32/v3.01/bin/bin/../../lib/gcc/pic32mx/8.3.1/../../../../pic32mx/lib/libpic32.a(default-on-bootstrap.o)
 .debug_frame   0x00000000000009e0       0x20 /opt/microchip/xc32/v3.01/bin/bin/../../lib/gcc/pic32mx/8.3.1/../../../../pic32mx/lib/libpic32.a(defaultinterrupt.o)

.debug_str      0x0000000000000000    0xc3332
 *.elf(.debug_str)
 *(.debug_str)
 .debug_str     0x0000000000000000    0x1004c build/default/production/_ext/60165520/plib_clk.o
 .debug_str     0x000000000001004c    0x101aa build/default/production/_ext/1249264884/plib_coretimer.o
 .debug_str     0x00000000000201f6    0x10945 build/default/production/_ext/1865200349/plib_evic.o
 .debug_str     0x0000000000030b3b    0x10144 build/default/production/_ext/1865254177/plib_gpio.o
 .debug_str     0x0000000000040c7f    0x103f6 build/default/production/_ext/513455433/plib_i2c1_master.o
 .debug_str     0x0000000000051075    0x10768 build/default/production/_ext/1865657120/plib_uart1.o
 .debug_str     0x00000000000617dd      0x286 build/default/production/_ext/163028504/xc32_monitor.o
 .debug_str     0x0000000000061a63    0x100b3 build/default/production/_ext/1171490990/initialization.o
 .debug_str     0x0000000000071b16    0x100b1 build/default/production/_ext/1171490990/interrupts.o
 .debug_str     0x0000000000081bc7    0x10183 build/default/production/_ext/1171490990/exceptions.o
 .debug_str     0x0000000000091d4a    0x1016c build/default/production/_ext/1360937237/PanelControl.o
 .debug_str     0x00000000000a1eb6    0x1019d build/default/production/_ext/1360937237/UARTSlave.o
 .debug_str     0x00000000000b2053    0x104fa build/default/production/_ext/1360937237/main.o
 .debug_str     0x00000000000c254d      0x31c /opt/microchip/xc32/v3.01/bin/bin/../../lib/gcc/pic32mx/8.3.1/libgcc.a(floatunsisf.o)
 .debug_str     0x00000000000c2869      0x38d /opt/microchip/xc32/v3.01/bin/bin/../../lib/gcc/pic32mx/8.3.1/../../../../pic32mx/lib/libpic32.a(default-on-reset.o)
 .debug_str     0x00000000000c2bf6      0x395 /opt/microchip/xc32/v3.01/bin/bin/../../lib/gcc/pic32mx/8.3.1/../../../../pic32mx/lib/libpic32.a(default-on-bootstrap.o)
 .debug_str     0x00000000000c2f8b      0x3a7 /opt/microchip/xc32/v3.01/bin/bin/../../lib/gcc/pic32mx/8.3.1/../../../../pic32mx/lib/libpic32.a(defaultinterrupt.o)

.debug_loc      0x0000000000000000     0x36c4
 *.elf(.debug_loc)
 *(.debug_loc)
 .debug_loc     0x0000000000000000       0xf1 build/default/production/_ext/1249264884/plib_coretimer.o
 .debug_loc     0x00000000000000f1       0xef build/default/production/_ext/1865200349/plib_evic.o
 .debug_loc     0x00000000000001e0      0x172 build/default/production/_ext/1865254177/plib_gpio.o
 .debug_loc     0x0000000000000352       0xe4 build/default/production/_ext/513455433/plib_i2c1_master.o
 .debug_loc     0x0000000000000436      0xb51 build/default/production/_ext/1865657120/plib_uart1.o
 .debug_loc     0x0000000000000f87       0x25 build/default/production/_ext/1171490990/initialization.o
 .debug_loc     0x0000000000000fac     0x20d5 build/default/production/_ext/1360937237/PanelControl.o
 .debug_loc     0x0000000000003081      0x23f build/default/production/_ext/1360937237/UARTSlave.o
 .debug_loc     0x00000000000032c0      0x380 build/default/production/_ext/1360937237/main.o
 .debug_loc     0x0000000000003640       0x84 /opt/microchip/xc32/v3.01/bin/bin/../../lib/gcc/pic32mx/8.3.1/libgcc.a(floatunsisf.o)

.debug_macinfo
 *.elf(.debug_macinfo)
 *(.debug_macinfo)

.debug_weaknames
 *.elf(.debug_weaknames)
 *(.debug_weaknames)

.debug_funcnames
 *.elf(.debug_funcnames)
 *(.debug_funcnames)

.debug_typenames
 *.elf(.debug_typenames)
 *(.debug_typenames)

.debug_varnames
 *.elf(.debug_varnames)
 *(.debug_varnames)

.debug_pubtypes
 *.elf(.debug_pubtypes)
 *(.debug_pubtypes)

.debug_ranges   0x0000000000000000      0x7f0
 *.elf(.debug_ranges)
 *(.debug_ranges)
 .debug_ranges  0x0000000000000000       0x10 build/default/production/_ext/60165520/plib_clk.o
 .debug_ranges  0x0000000000000010       0x50 build/default/production/_ext/1249264884/plib_coretimer.o
 .debug_ranges  0x0000000000000060       0x58 build/default/production/_ext/1865200349/plib_evic.o
 .debug_ranges  0x00000000000000b8       0x50 build/default/production/_ext/1865254177/plib_gpio.o
 .debug_ranges  0x0000000000000108      0x118 build/default/production/_ext/513455433/plib_i2c1_master.o
 .debug_ranges  0x0000000000000220      0x1e0 build/default/production/_ext/1865657120/plib_uart1.o
 .debug_ranges  0x0000000000000400       0x18 build/default/production/_ext/163028504/xc32_monitor.o
 .debug_ranges  0x0000000000000418       0x10 build/default/production/_ext/1171490990/initialization.o
 .debug_ranges  0x0000000000000428       0x20 build/default/production/_ext/1171490990/interrupts.o
 .debug_ranges  0x0000000000000448       0x18 build/default/production/_ext/1171490990/exceptions.o
 .debug_ranges  0x0000000000000460      0x2a8 build/default/production/_ext/1360937237/PanelControl.o
 .debug_ranges  0x0000000000000708       0x60 build/default/production/_ext/1360937237/UARTSlave.o
 .debug_ranges  0x0000000000000768       0x58 build/default/production/_ext/1360937237/main.o
 .debug_ranges  0x00000000000007c0       0x10 /opt/microchip/xc32/v3.01/bin/bin/../../lib/gcc/pic32mx/8.3.1/../../../../pic32mx/lib/libpic32.a(default-on-reset.o)
 .debug_ranges  0x00000000000007d0       0x10 /opt/microchip/xc32/v3.01/bin/bin/../../lib/gcc/pic32mx/8.3.1/../../../../pic32mx/lib/libpic32.a(default-on-bootstrap.o)
 .debug_ranges  0x00000000000007e0       0x10 /opt/microchip/xc32/v3.01/bin/bin/../../lib/gcc/pic32mx/8.3.1/../../../../pic32mx/lib/libpic32.a(defaultinterrupt.o)

.gnu.attributes
                0x0000000000000000       0x10
 *(.gnu.attributes)
 .gnu.attributes
                0x0000000000000000       0x10 /opt/microchip/xc32/v3.01/bin/bin/../../lib/gcc/pic32mx/8.3.1/../../../../pic32mx/lib/debug-exception-return.o
 .gnu.attributes
                0x0000000000000010       0x10 build/default/production/_ext/60165520/plib_clk.o
 .gnu.attributes
                0x0000000000000020       0x10 build/default/production/_ext/1249264884/plib_coretimer.o
 .gnu.attributes
                0x0000000000000030       0x10 build/default/production/_ext/1865200349/plib_evic.o
 .gnu.attributes
                0x0000000000000040       0x10 build/default/production/_ext/1865254177/plib_gpio.o
 .gnu.attributes
                0x0000000000000050       0x10 build/default/production/_ext/513455433/plib_i2c1_master.o
 .gnu.attributes
                0x0000000000000060       0x10 build/default/production/_ext/1865657120/plib_uart1.o
 .gnu.attributes
                0x0000000000000070       0x10 build/default/production/_ext/163028504/xc32_monitor.o
 .gnu.attributes
                0x0000000000000080       0x10 build/default/production/_ext/1171490990/initialization.o
 .gnu.attributes
                0x0000000000000090       0x10 build/default/production/_ext/1171490990/interrupts.o
 .gnu.attributes
                0x00000000000000a0       0x10 build/default/production/_ext/1171490990/exceptions.o
 .gnu.attributes
                0x00000000000000b0       0x10 build/default/production/_ext/1360937237/PanelControl.o
 .gnu.attributes
                0x00000000000000c0       0x10 build/default/production/_ext/1360937237/UARTSlave.o
 .gnu.attributes
                0x00000000000000d0       0x10 build/default/production/_ext/1360937237/main.o
 .gnu.attributes
                0x00000000000000e0       0x10 /tmp/ccmdQWos.o
 .gnu.attributes
                0x00000000000000f0       0x10 /tmp/ccBMybJr.o
 .gnu.attributes
                0x0000000000000100       0x10 /tmp/ccGi8fBu.o
 .gnu.attributes
                0x0000000000000110       0x10 /opt/microchip/xc32/v3.01/bin/bin/../../lib/gcc/pic32mx/8.3.1/../../../../pic32mx/lib/pic32_software_reset.o
 .gnu.attributes
                0x0000000000000120       0x10 /opt/microchip/xc32/v3.01/bin/bin/../../lib/gcc/pic32mx/8.3.1/libgcc.a(floatunsisf.o)
 .gnu.attributes
                0x0000000000000130       0x10 /opt/microchip/xc32/v3.01/bin/bin/../../lib/gcc/pic32mx/8.3.1/../../../../pic32mx/lib/libpic32.a(memset.o)
 .gnu.attributes
                0x0000000000000140       0x10 /opt/microchip/xc32/v3.01/bin/bin/../../lib/gcc/pic32mx/8.3.1/../../../../pic32mx/lib/libpic32.a(default-on-reset.o)
 .gnu.attributes
                0x0000000000000150       0x10 /opt/microchip/xc32/v3.01/bin/bin/../../lib/gcc/pic32mx/8.3.1/../../../../pic32mx/lib/libpic32.a(default-on-bootstrap.o)
 .gnu.attributes
                0x0000000000000160       0x10 /opt/microchip/xc32/v3.01/bin/bin/../../lib/gcc/pic32mx/8.3.1/../../../../pic32mx/lib/libpic32.a(default-nmi-handler.o)
 .gnu.attributes
                0x0000000000000170       0x10 /opt/microchip/xc32/v3.01/bin/bin/../../lib/gcc/pic32mx/8.3.1/../../../../pic32mx/lib/libpic32.a(pic32_data_init.o)
 .gnu.attributes
                0x0000000000000180       0x10 /opt/microchip/xc32/v3.01/bin/bin/../../lib/gcc/pic32mx/8.3.1/../../../../pic32mx/lib/libpic32.a(general-exception.o)
 .gnu.attributes
                0x0000000000000190       0x10 /opt/microchip/xc32/v3.01/bin/bin/../../lib/gcc/pic32mx/8.3.1/../../../../pic32mx/lib/libpic32.a(vector1.o)
 .gnu.attributes
                0x00000000000001a0       0x10 /opt/microchip/xc32/v3.01/bin/bin/../../lib/gcc/pic32mx/8.3.1/../../../../pic32mx/lib/libpic32.a(vector2.o)
 .gnu.attributes
                0x00000000000001b0       0x10 /opt/microchip/xc32/v3.01/bin/bin/../../lib/gcc/pic32mx/8.3.1/../../../../pic32mx/lib/libpic32.a(vector3.o)
 .gnu.attributes
                0x00000000000001c0       0x10 /opt/microchip/xc32/v3.01/bin/bin/../../lib/gcc/pic32mx/8.3.1/../../../../pic32mx/lib/libpic32.a(vector4.o)
 .gnu.attributes
                0x00000000000001d0       0x10 /opt/microchip/xc32/v3.01/bin/bin/../../lib/gcc/pic32mx/8.3.1/../../../../pic32mx/lib/libpic32.a(vector5.o)
 .gnu.attributes
                0x00000000000001e0       0x10 /opt/microchip/xc32/v3.01/bin/bin/../../lib/gcc/pic32mx/8.3.1/../../../../pic32mx/lib/libpic32.a(vector6.o)
 .gnu.attributes
                0x00000000000001f0       0x10 /opt/microchip/xc32/v3.01/bin/bin/../../lib/gcc/pic32mx/8.3.1/../../../../pic32mx/lib/libpic32.a(vector7.o)
 .gnu.attributes
                0x0000000000000200       0x10 /opt/microchip/xc32/v3.01/bin/bin/../../lib/gcc/pic32mx/8.3.1/../../../../pic32mx/lib/libpic32.a(vector8.o)
 .gnu.attributes
                0x0000000000000210       0x10 /opt/microchip/xc32/v3.01/bin/bin/../../lib/gcc/pic32mx/8.3.1/../../../../pic32mx/lib/libpic32.a(vector9.o)
 .gnu.attributes
                0x0000000000000220       0x10 /opt/microchip/xc32/v3.01/bin/bin/../../lib/gcc/pic32mx/8.3.1/../../../../pic32mx/lib/libpic32.a(vector10.o)
 .gnu.attributes
                0x0000000000000230       0x10 /opt/microchip/xc32/v3.01/bin/bin/../../lib/gcc/pic32mx/8.3.1/../../../../pic32mx/lib/libpic32.a(vector11.o)
 .gnu.attributes
                0x0000000000000240       0x10 /opt/microchip/xc32/v3.01/bin/bin/../../lib/gcc/pic32mx/8.3.1/../../../../pic32mx/lib/libpic32.a(vector12.o)
 .gnu.attributes
                0x0000000000000250       0x10 /opt/microchip/xc32/v3.01/bin/bin/../../lib/gcc/pic32mx/8.3.1/../../../../pic32mx/lib/libpic32.a(vector13.o)
 .gnu.attributes
                0x0000000000000260       0x10 /opt/microchip/xc32/v3.01/bin/bin/../../lib/gcc/pic32mx/8.3.1/../../../../pic32mx/lib/libpic32.a(vector14.o)
 .gnu.attributes
                0x0000000000000270       0x10 /opt/microchip/xc32/v3.01/bin/bin/../../lib/gcc/pic32mx/8.3.1/../../../../pic32mx/lib/libpic32.a(vector15.o)
 .gnu.attributes
                0x0000000000000280       0x10 /opt/microchip/xc32/v3.01/bin/bin/../../lib/gcc/pic32mx/8.3.1/../../../../pic32mx/lib/libpic32.a(vector16.o)
 .gnu.attributes
                0x0000000000000290       0x10 /opt/microchip/xc32/v3.01/bin/bin/../../lib/gcc/pic32mx/8.3.1/../../../../pic32mx/lib/libpic32.a(vector17.o)
 .gnu.attributes
                0x00000000000002a0       0x10 /opt/microchip/xc32/v3.01/bin/bin/../../lib/gcc/pic32mx/8.3.1/../../../../pic32mx/lib/libpic32.a(vector18.o)
 .gnu.attributes
                0x00000000000002b0       0x10 /opt/microchip/xc32/v3.01/bin/bin/../../lib/gcc/pic32mx/8.3.1/../../../../pic32mx/lib/libpic32.a(vector19.o)
 .gnu.attributes
                0x00000000000002c0       0x10 /opt/microchip/xc32/v3.01/bin/bin/../../lib/gcc/pic32mx/8.3.1/../../../../pic32mx/lib/libpic32.a(vector20.o)
 .gnu.attributes
                0x00000000000002d0       0x10 /opt/microchip/xc32/v3.01/bin/bin/../../lib/gcc/pic32mx/8.3.1/../../../../pic32mx/lib/libpic32.a(vector21.o)
 .gnu.attributes
                0x00000000000002e0       0x10 /opt/microchip/xc32/v3.01/bin/bin/../../lib/gcc/pic32mx/8.3.1/../../../../pic32mx/lib/libpic32.a(vector22.o)
 .gnu.attributes
                0x00000000000002f0       0x10 /opt/microchip/xc32/v3.01/bin/bin/../../lib/gcc/pic32mx/8.3.1/../../../../pic32mx/lib/libpic32.a(vector23.o)
 .gnu.attributes
                0x0000000000000300       0x10 /opt/microchip/xc32/v3.01/bin/bin/../../lib/gcc/pic32mx/8.3.1/../../../../pic32mx/lib/libpic32.a(vector26.o)
 .gnu.attributes
                0x0000000000000310       0x10 /opt/microchip/xc32/v3.01/bin/bin/../../lib/gcc/pic32mx/8.3.1/../../../../pic32mx/lib/libpic32.a(vector27.o)
 .gnu.attributes
                0x0000000000000320       0x10 /opt/microchip/xc32/v3.01/bin/bin/../../lib/gcc/pic32mx/8.3.1/../../../../pic32mx/lib/libpic32.a(vector28.o)
 .gnu.attributes
                0x0000000000000330       0x10 /opt/microchip/xc32/v3.01/bin/bin/../../lib/gcc/pic32mx/8.3.1/../../../../pic32mx/lib/libpic32.a(vector29.o)
 .gnu.attributes
                0x0000000000000340       0x10 /opt/microchip/xc32/v3.01/bin/bin/../../lib/gcc/pic32mx/8.3.1/../../../../pic32mx/lib/libpic32.a(vector30.o)
 .gnu.attributes
                0x0000000000000350       0x10 /opt/microchip/xc32/v3.01/bin/bin/../../lib/gcc/pic32mx/8.3.1/../../../../pic32mx/lib/libpic32.a(vector31.o)
 .gnu.attributes
                0x0000000000000360       0x10 /opt/microchip/xc32/v3.01/bin/bin/../../lib/gcc/pic32mx/8.3.1/../../../../pic32mx/lib/libpic32.a(vector32.o)
 .gnu.attributes
                0x0000000000000370       0x10 /opt/microchip/xc32/v3.01/bin/bin/../../lib/gcc/pic32mx/8.3.1/../../../../pic32mx/lib/libpic32.a(vector33.o)
 .gnu.attributes
                0x0000000000000380       0x10 /opt/microchip/xc32/v3.01/bin/bin/../../lib/gcc/pic32mx/8.3.1/../../../../pic32mx/lib/libpic32.a(vector34.o)
 .gnu.attributes
                0x0000000000000390       0x10 /opt/microchip/xc32/v3.01/bin/bin/../../lib/gcc/pic32mx/8.3.1/../../../../pic32mx/lib/libpic32.a(vector35.o)
 .gnu.attributes
                0x00000000000003a0       0x10 /opt/microchip/xc32/v3.01/bin/bin/../../lib/gcc/pic32mx/8.3.1/../../../../pic32mx/lib/libpic32.a(vector36.o)
 .gnu.attributes
                0x00000000000003b0       0x10 /opt/microchip/xc32/v3.01/bin/bin/../../lib/gcc/pic32mx/8.3.1/../../../../pic32mx/lib/libpic32.a(vector37.o)
 .gnu.attributes
                0x00000000000003c0       0x10 /opt/microchip/xc32/v3.01/bin/bin/../../lib/gcc/pic32mx/8.3.1/../../../../pic32mx/lib/libpic32.a(vector38.o)
 .gnu.attributes
                0x00000000000003d0       0x10 /opt/microchip/xc32/v3.01/bin/bin/../../lib/gcc/pic32mx/8.3.1/../../../../pic32mx/lib/libpic32.a(vector39.o)
 .gnu.attributes
                0x00000000000003e0       0x10 /opt/microchip/xc32/v3.01/bin/bin/../../lib/gcc/pic32mx/8.3.1/../../../../pic32mx/lib/libpic32.a(vector40.o)
 .gnu.attributes
                0x00000000000003f0       0x10 /opt/microchip/xc32/v3.01/bin/bin/../../lib/gcc/pic32mx/8.3.1/../../../../pic32mx/lib/libpic32.a(vector41.o)
 .gnu.attributes
                0x0000000000000400       0x10 /opt/microchip/xc32/v3.01/bin/bin/../../lib/gcc/pic32mx/8.3.1/../../../../pic32mx/lib/libpic32.a(vector42.o)
 .gnu.attributes
                0x0000000000000410       0x10 /opt/microchip/xc32/v3.01/bin/bin/../../lib/gcc/pic32mx/8.3.1/../../../../pic32mx/lib/libpic32.a(vector43.o)
 .gnu.attributes
                0x0000000000000420       0x10 /opt/microchip/xc32/v3.01/bin/bin/../../lib/gcc/pic32mx/8.3.1/../../../../pic32mx/lib/libpic32.a(vector44.o)
 .gnu.attributes
                0x0000000000000430       0x10 /opt/microchip/xc32/v3.01/bin/bin/../../lib/gcc/pic32mx/8.3.1/../../../../pic32mx/lib/libpic32.a(vector45.o)
 .gnu.attributes
                0x0000000000000440       0x10 /opt/microchip/xc32/v3.01/bin/bin/../../lib/gcc/pic32mx/8.3.1/../../../../pic32mx/lib/libpic32.a(vector46.o)
 .gnu.attributes
                0x0000000000000450       0x10 /opt/microchip/xc32/v3.01/bin/bin/../../lib/gcc/pic32mx/8.3.1/../../../../pic32mx/lib/libpic32.a(vector47.o)
 .gnu.attributes
                0x0000000000000460       0x10 /opt/microchip/xc32/v3.01/bin/bin/../../lib/gcc/pic32mx/8.3.1/../../../../pic32mx/lib/libpic32.a(vector48.o)
 .gnu.attributes
                0x0000000000000470       0x10 /opt/microchip/xc32/v3.01/bin/bin/../../lib/gcc/pic32mx/8.3.1/../../../../pic32mx/lib/libpic32.a(vector49.o)
 .gnu.attributes
                0x0000000000000480       0x10 /opt/microchip/xc32/v3.01/bin/bin/../../lib/gcc/pic32mx/8.3.1/../../../../pic32mx/lib/libpic32.a(vector50.o)
 .gnu.attributes
                0x0000000000000490       0x10 /opt/microchip/xc32/v3.01/bin/bin/../../lib/gcc/pic32mx/8.3.1/../../../../pic32mx/lib/libpic32.a(vector51.o)
 .gnu.attributes
                0x00000000000004a0       0x10 /opt/microchip/xc32/v3.01/bin/bin/../../lib/gcc/pic32mx/8.3.1/../../../../pic32mx/lib/libpic32.a(defaultinterrupt.o)
 .gnu.attributes
                0x00000000000004b0       0x10 /opt/microchip/xc32/v3.01/bin/bin/../../lib/gcc/pic32mx/8.3.1/../../../../pic32mx/lib/libm.a(dp32mul.o)
 .gnu.attributes
                0x00000000000004c0       0x10 /opt/microchip/xc32/v3.01/bin/bin/../../lib/gcc/pic32mx/8.3.1/../../../../pic32mx/lib/libm.a(dp32subadd.o)
 .gnu.attributes
                0x00000000000004d0       0x10 /opt/microchip/xc32/v3.01/bin/bin/../../lib/gcc/pic32mx/8.3.1/../../../../pic32mx/lib/libm.a(dptoul.o)
 .gnu.attributes
                0x00000000000004e0       0x10 /opt/microchip/xc32/v3.01/bin/bin/../../lib/gcc/pic32mx/8.3.1/../../../../pic32mx/lib/libm.a(fp32div.o)
 .gnu.attributes
                0x00000000000004f0       0x10 /opt/microchip/xc32/v3.01/bin/bin/../../lib/gcc/pic32mx/8.3.1/../../../../pic32mx/lib/libm.a(fp32mul.o)
 .gnu.attributes
                0x0000000000000500       0x10 /opt/microchip/xc32/v3.01/bin/bin/../../lib/gcc/pic32mx/8.3.1/../../../../pic32mx/lib/libm.a(fp32subadd.o)
 .gnu.attributes
                0x0000000000000510       0x10 /opt/microchip/xc32/v3.01/bin/bin/../../lib/gcc/pic32mx/8.3.1/../../../../pic32mx/lib/libm.a(fptodp.o)
 .gnu.attributes
                0x0000000000000520       0x10 /opt/microchip/xc32/v3.01/bin/bin/../../lib/gcc/pic32mx/8.3.1/../../../../pic32mx/lib/libm.a(sitofp.o)
                0x0000000000000200                _min_heap_size = 0x200
LOAD /tmp/ccmdQWos.o
LOAD /tmp/ccBMybJr.o
LOAD /tmp/ccGi8fBu.o
LOAD /opt/microchip/xc32/v3.01/bin/bin/../../lib/gcc/pic32mx/8.3.1/../../../../pic32mx/lib/pic32_software_reset.o
LOAD /opt/microchip/xc32/v3.01/bin/bin/../../lib/gcc/pic32mx/8.3.1/libgcc.a
START GROUP
LOAD /opt/microchip/xc32/v3.01/bin/bin/../../lib/gcc/pic32mx/8.3.1/../../../../pic32mx/lib/libpic32.a
LOAD /opt/microchip/xc32/v3.01/bin/bin/../../lib/gcc/pic32mx/8.3.1/../../../../pic32mx/lib/libdebug.a
LOAD /opt/microchip/xc32/v3.01/bin/bin/../../lib/gcc/pic32mx/8.3.1/../../../../pic32mx/lib/libc.a
LOAD /opt/microchip/xc32/v3.01/bin/bin/../../lib/gcc/pic32mx/8.3.1/../../../../pic32mx/lib/libm.a
LOAD /opt/microchip/xc32/v3.01/bin/bin/../../lib/gcc/pic32mx/8.3.1/../../../../pic32mx/lib/libe.a
LOAD /opt/microchip/xc32/v3.01/bin/bin/../../lib/gcc/pic32mx/8.3.1/../../../../pic32mx/lib/libdsp.a
LOAD /opt/microchip/xc32/v3.01/bin/bin/../../lib/gcc/pic32mx/8.3.1/libgcc.a
LOAD /opt/microchip/xc32/v3.01/bin/bin/../../lib/gcc/pic32mx/8.3.1/../../../../pic32mx/lib/libpic32.a
END GROUP
LOAD /opt/microchip/xc32/v3.01/bin/bin/../../lib/gcc/pic32mx/8.3.1/libgcc.a
OUTPUT(dist/default/production/uart_test.X.production.elf elf32-tradlittlemips)
LOAD stack
LOAD data_init

.reginfo        0x0000000000000000       0x18
 .reginfo       0x0000000000000000       0x18 /opt/microchip/xc32/v3.01/bin/bin/../../lib/gcc/pic32mx/8.3.1/../../../../pic32mx/lib/debug-exception-return.o

.stack          0x00000000a0001f18      0x400
 .stack         0x00000000a0001f18      0x400 stack

.bss            0x00000000a0000040     0x10d8
 .bss           0x00000000a0000040     0x10d8 build/default/production/_ext/1360937237/main.o
                0x00000000a0000040                UARTRxFrameBuffer
                0x00000000a0000100                bitmapAddressBuffer
                0x00000000a0000118                bitmapRegisterDefault
                0x00000000a0000918                bitmapRegister

.data           0x00000000a0001118      0xa5c
 .data          0x00000000a0001118      0xa5c build/default/production/_ext/1360937237/main.o
                0x00000000a0001160                panelConfigRegister
                0x00000000a0001174                allOnBitmap
                0x00000000a0001374                bitMap4
                0x00000000a0001574                bitMap3
                0x00000000a0001774                bitMap2
                0x00000000a0001974                bitMap1

.bss            0x00000000a0001b74      0x178
 .bss           0x00000000a0001b74      0x144 build/default/production/_ext/1865657120/plib_uart1.o
                0x00000000a0001c74                uart1Obj
 .bss           0x00000000a0001cb8       0x34 build/default/production/_ext/513455433/plib_i2c1_master.o

.bss            0x00000000a0001cec       0x10
 .bss           0x00000000a0001cec       0x10 build/default/production/_ext/1249264884/plib_coretimer.o
                0x00000000a0001cec                coreTmr

._debug_exception
                0x00000000bfc00480       0x2c
 ._debug_exception
                0x00000000bfc00480       0x2c /opt/microchip/xc32/v3.01/bin/bin/../../lib/gcc/pic32mx/8.3.1/../../../../pic32mx/lib/debug-exception-return.o
                0x00000000bfc00480                __DbgExecReturn

.dinit          0x000000009d000000      0xb00
 .dinit         0x000000009d000000      0xb00 data_init

.text.setColor2
                0x000000009d000b00      0x61c
 .text.setColor2
                0x000000009d000b00      0x61c build/default/production/_ext/1360937237/PanelControl.o
                0x000000009d000b00                setColor2

.text.setColor3
                0x000000009d00111c      0x5e0
 .text.setColor3
                0x000000009d00111c      0x5e0 build/default/production/_ext/1360937237/PanelControl.o
                0x000000009d00111c                setColor3

.text.setColor1
                0x000000009d0016fc      0x5ac
 .text.setColor1
                0x000000009d0016fc      0x5ac build/default/production/_ext/1360937237/PanelControl.o
                0x000000009d0016fc                setColor1

.text.setColor4
                0x000000009d001ca8      0x5ac
 .text.setColor4
                0x000000009d001ca8      0x5ac build/default/production/_ext/1360937237/PanelControl.o
                0x000000009d001ca8                setColor4

.text.I2C_1_InterruptHandler
                0x000000009d002254      0x558
 .text.I2C_1_InterruptHandler
                0x000000009d002254      0x558 build/default/production/_ext/513455433/plib_i2c1_master.o
                0x000000009d002254                I2C_1_InterruptHandler

.text.UART_1_InterruptHandler
                0x000000009d0027ac      0x3f8
 .text.UART_1_InterruptHandler
                0x000000009d0027ac      0x3f8 build/default/production/_ext/1865657120/plib_uart1.o
                0x000000009d0027ac                UART_1_InterruptHandler

.text.panelOn4  0x000000009d002ba4      0x2ec
 .text.panelOn4
                0x000000009d002ba4      0x2ec build/default/production/_ext/1360937237/PanelControl.o
                0x000000009d002ba4                panelOn4

.text.processCommand
                0x000000009d002e90      0x1cc
 .text.processCommand
                0x000000009d002e90      0x1cc build/default/production/_ext/1360937237/UARTSlave.o
                0x000000009d002e90                processCommand

.text.UART1_Write
                0x000000009d00305c      0x144
 .text.UART1_Write
                0x000000009d00305c      0x144 build/default/production/_ext/1865657120/plib_uart1.o
                0x000000009d00305c                UART1_Write

.text.main      0x000000009d0031a0      0x12c
 .text.main     0x000000009d0031a0      0x12c build/default/production/_ext/1360937237/main.o
                0x000000009d0031a0                main

.text.EEPROMLoad
                0x000000009d0032cc      0x11c
 .text.EEPROMLoad
                0x000000009d0032cc      0x11c build/default/production/_ext/1360937237/main.o
                0x000000009d0032cc                EEPROMLoad

.text.CORE_TIMER_Handler
                0x000000009d0033e8      0x110
 .text.CORE_TIMER_Handler
                0x000000009d0033e8      0x110 build/default/production/_ext/1171490990/interrupts.o
                0x000000009d0033e8                CORE_TIMER_Handler

.text.UART_1_Handler
                0x000000009d0034f8      0x110
 .text.UART_1_Handler
                0x000000009d0034f8      0x110 build/default/production/_ext/1171490990/interrupts.o
                0x000000009d0034f8                UART_1_Handler

.text.I2C_1_Handler
                0x000000009d003608      0x110
 .text.I2C_1_Handler
                0x000000009d003608      0x110 build/default/production/_ext/1171490990/interrupts.o
                0x000000009d003608                I2C_1_Handler

.text.UART1_Initialize
                0x000000009d003718       0xdc
 .text.UART1_Initialize
                0x000000009d003718       0xdc build/default/production/_ext/1865657120/plib_uart1.o
                0x000000009d003718                UART1_Initialize

.text.EEPROMReadBitmap
                0x000000009d0037f4       0xdc
 .text.EEPROMReadBitmap
                0x000000009d0037f4       0xdc build/default/production/_ext/1360937237/main.o
                0x000000009d0037f4                EEPROMReadBitmap

.text.general_exception
                0x000000009d0038d0       0xdc
 .text.general_exception
                0x000000009d0038d0       0xdc /opt/microchip/xc32/v3.01/bin/bin/../../lib/gcc/pic32mx/8.3.1/../../../../pic32mx/lib/libpic32.a(general-exception.o)
                0x000000009d0038d0                _general_exception_context

.text.EEPROMReadConfig
                0x000000009d0039ac       0xd4
 .text.EEPROMReadConfig
                0x000000009d0039ac       0xd4 build/default/production/_ext/1360937237/main.o
                0x000000009d0039ac                EEPROMReadConfig

.text.UART1_Read
                0x000000009d003a80       0xc4
 .text.UART1_Read
                0x000000009d003a80       0xc4 build/default/production/_ext/1865657120/plib_uart1.o
                0x000000009d003a80                UART1_Read

.text           0x000000009d003b44       0xa8
 .text          0x000000009d003b44       0xa8 /opt/microchip/xc32/v3.01/bin/bin/../../lib/gcc/pic32mx/8.3.1/../../../../pic32mx/lib/libpic32.a(memset.o)
                0x000000009d003b44                memset

.text.SYS_Initialize
                0x000000009d003bec       0xa4
 .text.SYS_Initialize
                0x000000009d003bec       0xa4 build/default/production/_ext/1171490990/initialization.o
                0x000000009d003bec                SYS_Initialize

.text.CORE_TIMER_InterruptHandler
                0x000000009d003c90       0x9c
 .text.CORE_TIMER_InterruptHandler
                0x000000009d003c90       0x9c build/default/production/_ext/1249264884/plib_coretimer.o
                0x000000009d003c90                CORE_TIMER_InterruptHandler

.text.GPIO_Initialize
                0x000000009d003d2c       0x9c
 .text.GPIO_Initialize
                0x000000009d003d2c       0x9c build/default/production/_ext/1865254177/plib_gpio.o
                0x000000009d003d2c                GPIO_Initialize

.text.validateFrame
                0x000000009d003dc8       0x98
 .text.validateFrame
                0x000000009d003dc8       0x98 build/default/production/_ext/1360937237/UARTSlave.o
                0x000000009d003dc8                validateFrame

.text.setBitmaps
                0x000000009d003e60       0x90
 .text.setBitmaps
                0x000000009d003e60       0x90 build/default/production/_ext/1360937237/main.o
                0x000000009d003e60                setBitmaps

.text.I2C1_WriteRead
                0x000000009d003ef0       0x8c
 .text.I2C1_WriteRead
                0x000000009d003ef0       0x8c build/default/production/_ext/513455433/plib_i2c1_master.o
                0x000000009d003ef0                I2C1_WriteRead

.text.I2C1_Write
                0x000000009d003f7c       0x88
 .text.I2C1_Write
                0x000000009d003f7c       0x88 build/default/production/_ext/513455433/plib_i2c1_master.o
                0x000000009d003f7c                I2C1_Write

.text.receiveFrame
                0x000000009d004004       0x84
 .text.receiveFrame
                0x000000009d004004       0x84 build/default/production/_ext/1360937237/UARTSlave.o
                0x000000009d004004                receiveFrame

.text           0x000000009d004088       0x84
 .text          0x000000009d004088       0x84 /opt/microchip/xc32/v3.01/bin/bin/../../lib/gcc/pic32mx/8.3.1/../../../../pic32mx/lib/libpic32.a(pic32_data_init.o)
                0x000000009d004088                __pic32_data_init

.text.setBitmapColor
                0x000000009d00410c       0x80
 .text.setBitmapColor
                0x000000009d00410c       0x80 build/default/production/_ext/1360937237/main.o
                0x000000009d00410c                setBitmapColor

.text.checkPreviousConfig
                0x000000009d00418c       0x70
 .text.checkPreviousConfig
                0x000000009d00418c       0x70 build/default/production/_ext/1360937237/main.o
                0x000000009d00418c                checkPreviousConfig

.text.CORETIMER_Start
                0x000000009d0041fc       0x68
 .text.CORETIMER_Start
                0x000000009d0041fc       0x68 build/default/production/_ext/1249264884/plib_coretimer.o
                0x000000009d0041fc                CORETIMER_Start

.text.I2C1_Initialize
                0x000000009d004264       0x64
 .text.I2C1_Initialize
                0x000000009d004264       0x64 build/default/production/_ext/513455433/plib_i2c1_master.o
                0x000000009d004264                I2C1_Initialize

.text.blinkFunction
                0x000000009d0042c8       0x60
 .text.blinkFunction
                0x000000009d0042c8       0x60 build/default/production/_ext/1360937237/main.o
                0x000000009d0042c8                blinkFunction

.text.I2C1_IsBusy
                0x000000009d004328       0x5c
 .text.I2C1_IsBusy
                0x000000009d004328       0x5c build/default/production/_ext/513455433/plib_i2c1_master.o
                0x000000009d004328                I2C1_IsBusy

.text.CORETIMER_DelayMs
                0x000000009d004384       0x58
 .text.CORETIMER_DelayMs
                0x000000009d004384       0x58 build/default/production/_ext/1249264884/plib_coretimer.o
                0x000000009d004384                CORETIMER_DelayMs

.text.usartReadEventHandler
                0x000000009d0043dc       0x54
 .text.usartReadEventHandler
                0x000000009d0043dc       0x54 build/default/production/_ext/1360937237/main.o
                0x000000009d0043dc                usartReadEventHandler

.text.main_entry
                0x000000009d004430       0x54
 .text.main_entry
                0x000000009d004430       0x54 /tmp/ccmdQWos.o
                0x000000009d004464                __crt0_exit

.text.setAddress
                0x000000009d004484       0x50
 .text.setAddress
                0x000000009d004484       0x50 build/default/production/_ext/1360937237/PanelControl.o
                0x000000009d004484                setAddress

.text.processMasterRequest
                0x000000009d0044d4       0x50
 .text.processMasterRequest
                0x000000009d0044d4       0x50 build/default/production/_ext/1360937237/UARTSlave.o
                0x000000009d0044d4                processMasterRequest

.vector_default
                0x000000009d004524       0x48
 .vector_default
                0x000000009d004524       0x48 /opt/microchip/xc32/v3.01/bin/bin/../../lib/gcc/pic32mx/8.3.1/../../../../pic32mx/lib/libpic32.a(defaultinterrupt.o)
                0x000000009d004524                _DefaultInterrupt

.text           0x000000009d00456c       0x44
 .text          0x000000009d00456c       0x44 /opt/microchip/xc32/v3.01/bin/bin/../../lib/gcc/pic32mx/8.3.1/../../../../pic32mx/lib/pic32_software_reset.o
                0x000000009d00456c                __pic32_software_reset

.text.CORETIMER_Initialize
                0x000000009d0045b0       0x40
 .text.CORETIMER_Initialize
                0x000000009d0045b0       0x40 build/default/production/_ext/1249264884/plib_coretimer.o
                0x000000009d0045b0                CORETIMER_Initialize

.text.CORETIMER_DelayUs
                0x000000009d0045f0       0x34
 .text.CORETIMER_DelayUs
                0x000000009d0045f0       0x34 build/default/production/_ext/1249264884/plib_coretimer.o
                0x000000009d0045f0                CORETIMER_DelayUs

.text.UART1_WritePendingBytesGet
                0x000000009d004624       0x34
 .text.UART1_WritePendingBytesGet
                0x000000009d004624       0x34 build/default/production/_ext/1865657120/plib_uart1.o

.text.UART1_ReadCountGet
                0x000000009d004658       0x34
 .text.UART1_ReadCountGet
                0x000000009d004658       0x34 build/default/production/_ext/1865657120/plib_uart1.o
                0x000000009d004658                UART1_ReadCountGet

.text.EVIC_Initialize
                0x000000009d00468c       0x30
 .text.EVIC_Initialize
                0x000000009d00468c       0x30 build/default/production/_ext/1865200349/plib_evic.o
                0x000000009d00468c                EVIC_Initialize

.text.UART1_WriteFreeBufferCountGet
                0x000000009d0046bc       0x30
 .text.UART1_WriteFreeBufferCountGet
                0x000000009d0046bc       0x30 build/default/production/_ext/1865657120/plib_uart1.o
                0x000000009d0046bc                UART1_WriteFreeBufferCountGet

.text.CLK_Initialize
                0x000000009d0046ec       0x1c
 .text.CLK_Initialize
                0x000000009d0046ec       0x1c build/default/production/_ext/60165520/plib_clk.o
                0x000000009d0046ec                CLK_Initialize

.text.UART1_WriteCountGet
                0x000000009d004708       0x1c
 .text.UART1_WriteCountGet
                0x000000009d004708       0x1c build/default/production/_ext/1865657120/plib_uart1.o
                0x000000009d004708                UART1_WriteCountGet

.MIPS.abiflags  0x000000009d004728       0x18
 .MIPS.abiflags
                0x000000009d004728       0x18 /opt/microchip/xc32/v3.01/bin/bin/../../lib/gcc/pic32mx/8.3.1/../../../../pic32mx/lib/debug-exception-return.o

.text.UART1_ReadNotificationEnable
                0x000000009d004740       0x18
 .text.UART1_ReadNotificationEnable
                0x000000009d004740       0x18 build/default/production/_ext/1865657120/plib_uart1.o
                0x000000009d004740                UART1_ReadNotificationEnable

.text._general_exception_handler
                0x000000009d004758       0x18
 .text._general_exception_handler
                0x000000009d004758       0x18 build/default/production/_ext/1171490990/exceptions.o
                0x000000009d004758                _general_exception_handler

.text._bootstrap_exception_handler
                0x000000009d004770       0x18
 .text._bootstrap_exception_handler
                0x000000009d004770       0x18 build/default/production/_ext/1171490990/exceptions.o
                0x000000009d004770                _bootstrap_exception_handler

.text           0x000000009d004788       0x18
 .text          0x000000009d004788       0x18 /opt/microchip/xc32/v3.01/bin/bin/../../lib/gcc/pic32mx/8.3.1/../../../../pic32mx/lib/libpic32.a(default-nmi-handler.o)
                0x000000009d004788                _nmi_handler

.text.CORETIMER_CallbackSet
                0x000000009d0047a0       0x14
 .text.CORETIMER_CallbackSet
                0x000000009d0047a0       0x14 build/default/production/_ext/1249264884/plib_coretimer.o
                0x000000009d0047a0                CORETIMER_CallbackSet

.text.UART1_ReadThresholdSet
                0x000000009d0047b4       0x14
 .text.UART1_ReadThresholdSet
                0x000000009d0047b4       0x14 build/default/production/_ext/1865657120/plib_uart1.o
                0x000000009d0047b4                UART1_ReadThresholdSet

.text.UART1_ReadCallbackRegister
                0x000000009d0047c8       0x14
 .text.UART1_ReadCallbackRegister
                0x000000009d0047c8       0x14 build/default/production/_ext/1865657120/plib_uart1.o
                0x000000009d0047c8                UART1_ReadCallbackRegister

.text.panelOff  0x000000009d0047dc       0x14
 .text.panelOff
                0x000000009d0047dc       0x14 build/default/production/_ext/1360937237/PanelControl.o
                0x000000009d0047dc                panelOff

.text.timeEventHandler
                0x000000009d0047f0       0x14
 .text.timeEventHandler
                0x000000009d0047f0       0x14 build/default/production/_ext/1360937237/main.o
                0x000000009d0047f0                timeEventHandler

.text.dataBufferRegister
                0x000000009d004804       0x10
 .text.dataBufferRegister
                0x000000009d004804       0x10 build/default/production/_ext/1360937237/UARTSlave.o
                0x000000009d004804                dataBufferRegister

.text._on_reset
                0x000000009d004814        0x8
 .text._on_reset
                0x000000009d004814        0x8 /opt/microchip/xc32/v3.01/bin/bin/../../lib/gcc/pic32mx/8.3.1/../../../../pic32mx/lib/libpic32.a(default-on-reset.o)
                0x000000009d004814                _on_reset

.text._on_bootstrap
                0x000000009d00481c        0x8
 .text._on_bootstrap
                0x000000009d00481c        0x8 /opt/microchip/xc32/v3.01/bin/bin/../../lib/gcc/pic32mx/8.3.1/../../../../pic32mx/lib/libpic32.a(default-on-bootstrap.o)
                0x000000009d00481c                _on_bootstrap
